SkillBandBehaviorTest: [90mTests:[39m    [31;1m2 failed[39;22m[90m,[39m[39m [39m[33;1m1 warning[39;22m[90m (9 assertions)[39m

FAIL  Modules\AI\tests\Feature\SkillBandBehaviorTest
  ⨯ it serves every human-behaviour constant of a band from resources/b… 0.02s  
  ! it takes the file numbers as written at zero, at one and past the plausible edge → file_get_contents(/var/www/Modules/AI/resources/behavior/skill_bands.php): Failed to open stream: No such file or directory
  ⨯ it reports the shipped numbers unchanged and keeps a novice more human than a veteran
  ────────────────────────────────────────────────────────────────────────────  
   FAILED  Modules\AI\tests\Feature\SkillBandBehaviorTest > it serves every…    
  Failed asserting that false is true.

  at Modules/AI/tests/Feature/SkillBandBehaviorTest.php:35
     31▕ 
     32▕ it('serves every human-behaviour constant of a band from resources/behavior/skill_bands.php', function (): void {
     33▕     $path = skillBandBehaviorPath();
     34▕ 
  ➜  35▕     expect(is_file($path))->toBeTrue();
     36▕ 
     37▕     $bands = require $path;
     38▕ 
     39▕     foreach (AiSkillBand::cases() as $band) {

  1   Modules/AI/tests/Feature/SkillBandBehaviorTest.php:35

  ────────────────────────────────────────────────────────────────────────────  
   FAILED  Modules\AI\tests\Feature\SkillBandBehaviorTest > it re…  TypeError   
  Modules\AI\Enums\AiSkillBand::behaviourFile(): Return value must be of type array, int returned

  at Modules/AI/app/Enums/AiSkillBand.php:65
     61▕      * @return array<string, array<string, float>>
     62▕      */
     63▕     private function behaviourFile(): array
     64▕     {
  ➜  65▕         return require dirname(__DIR__, 2) . '/resources/behavior/skill_bands.php';
     66▕     }
     67▕ }
     68▕

  1   Modules/AI/app/Enums/AiSkillBand.php:65
  2   Modules/AI/app/Enums/AiSkillBand.php:54


  Tests:    2 failed, 1 warning (9 assertions)
  Duration: 0.52s

These files from your answer were refused and NOT written:
- resources/behavior/skill_bands.php (data must be YAML or JSON so a modder can edit it without code)