AllianceFitTest: [90mTests:[39m    [31;1m5 failed[39;22m[90m (0 assertions)[39m

p:236

  ────────────────────────────────────────────────────────────────────────────  
   FAILED  Modules\AI\tests\Feature\AllianceFitTest > it tre…  ErrorException   
  require(/var/www/Modules/resources/behavior/alliance_fit.php): Failed to open stream: No such file or directory

  at Modules/AI/tests/Feature/AllianceFitTest.php:62
     58▕     }
     59▕ 
     60▕     protected function seedWorld(): void
     61▕     {
  ➜  62▕         $this->fit = require dirname(__DIR__, 3) . '/resources/behavior/alliance_fit.php';
     63▕         $this->ranked = $this->seedRankedPlayers(self::POPULATION_MULTIPLE);
     64▕         $this->padRankedPopulation(self::POPULATION_MULTIPLE);
     65▕     }
     66▕

  1   Modules/AI/tests/Feature/AllianceFitTest.php:62
  2   Modules/AI/tests/Feature/AllianceFitTest.php:236

  ────────────────────────────────────────────────────────────────────────────  
   FAILED  Modules\AI\tests\Feature\AllianceFitTest > it pic…  ErrorException   
  require(/var/www/Modules/resources/behavior/alliance_fit.php): Failed to open stream: No such file or directory

  at Modules/AI/tests/Feature/AllianceFitTest.php:62
     58▕     }
     59▕ 
     60▕     protected function seedWorld(): void
     61▕     {
  ➜  62▕         $this->fit = require dirname(__DIR__, 3) . '/resources/behavior/alliance_fit.php';
     63▕         $this->ranked = $this->seedRankedPlayers(self::POPULATION_MULTIPLE);
     64▕         $this->padRankedPopulation(self::POPULATION_MULTIPLE);
     65▕     }
     66▕

  1   Modules/AI/tests/Feature/AllianceFitTest.php:62
  2   Modules/AI/tests/Feature/AllianceFitTest.php:236

  ────────────────────────────────────────────────────────────────────────────  
   FAILED  Modules\AI\tests\Feature\AllianceFitTest > it sti…  ErrorException   
  require(/var/www/Modules/resources/behavior/alliance_fit.php): Failed to open stream: No such file or directory

  at Modules/AI/tests/Feature/AllianceFitTest.php:62
     58▕     }
     59▕ 
     60▕     protected function seedWorld(): void
     61▕     {
  ➜  62▕         $this->fit = require dirname(__DIR__, 3) . '/resources/behavior/alliance_fit.php';
     63▕         $this->ranked = $this->seedRankedPlayers(self::POPULATION_MULTIPLE);
     64▕         $this->padRankedPopulation(self::POPULATION_MULTIPLE);
     65▕     }
     66▕

  1   Modules/AI/tests/Feature/AllianceFitTest.php:62
  2   Modules/AI/tests/Feature/AllianceFitTest.php:236


  Tests:    5 failed (0 assertions)
  Duration: 1.00s

These files from your answer were refused and NOT written:
- resources/behavior/alliance_fit.php (data must be YAML or JSON so a modder can edit it without code)