DefenseDoctrineHandOverTest: [90mTests:[39m    [31;1m4 failed[39;22m[90m (0 assertions)[39m

anced');
     61▕ });

  ────────────────────────────────────────────────────────────────────────────  
   FAILED  Modules\AI\tests\Feature\DefenseDoctrineHandOverT…  ErrorException   
  Undefined property: P\Modules\AI\tests\Feature\DefenseDoctrineHandOverTest::$playerService

  at Modules/AI/tests/Feature/DefenseDoctrineHandOverTest.php:66
     62▕ 
     63▕ it('still builds the account doctrine one unit short of the hand-over point', function () {
     64▕     $this->planetService->addUnit($this->stopRule['unit'], (int) $this->stopRule['count'] - 1);
     65▕ 
  ➜  66▕     $composition = app(DefenseCompositionPlanner::class)->plan($this->playerService, $this->planetService);
     67▕ 
     68▕     expect($composition)->not->toBeNull()
     69▕         ->and($composition->doctrine)->toBe('balanced');
     70▕ });

  ────────────────────────────────────────────────────────────────────────────  
   FAILED  Modules\AI\tests\Feature\DefenseDoctrineHandOverT…  ErrorException   
  Undefined property: P\Modules\AI\tests\Feature\DefenseDoctrineHandOverTest::$playerService

  at Modules/AI/tests/Feature/DefenseDoctrineHandOverTest.php:75
     71▕ 
     72▕ it('hands the wall over to the doctrine the stop rule names at the hand-over point', function () {
     73▕     $this->planetService->addUnit($this->stopRule['unit'], (int) $this->stopRule['count']);
     74▕ 
  ➜  75▕     $composition = app(DefenseCompositionPlanner::class)->plan($this->playerService, $this->planetService);
     76▕ 
     77▕     expect($composition)->not->toBeNull()
     78▕         ->and($composition->doctrine)->toBe($this->stopRule['doctrine']);
     79▕ });

  ────────────────────────────────────────────────────────────────────────────  
   FAILED  Modules\AI\tests\Feature\DefenseDoctrineHandOverT…  ErrorException   
  Undefined property: P\Modules\AI\tests\Feature\DefenseDoctrineHandOverTest::$playerService

  at Modules/AI/tests/Feature/DefenseDoctrineHandOverTest.php:84
     80▕ 
     81▕ it('stays handed over past the hand-over point', function () {
     82▕     $this->planetService->addUnit($this->stopRule['unit'], (int) $this->stopRule['count'] + 1);
     83▕ 
  ➜  84▕     $composition = app(DefenseCompositionPlanner::class)->plan($this->playerService, $this->planetService);
     85▕ 
     86▕     expect($composition)->not->toBeNull()
     87▕         ->and($composition->doctrine)->toBe($this->stopRule['doctrine']);
     88▕ });


  Tests:    4 failed (0 assertions)
  Duration: 1.07s