StimulusAppraisalTest: [90mTests:[39m    [31;1m9 failed[39;22m[90m (0 assertions)[39m

───────────────────────────────────────────────────────  
   FAILED  Modules\AI\tests\Feature\StimulusAppraisalTest >…   ErrorException   
  require(/var/www/Modules/AI/resources/behavior/emotion_appraisal.php): Failed to open stream: No such file or directory

  at Modules/AI/app/Actions/AppraiseStimulusAction.php:47
     43▕ 
     44▕     /** @return array<int, array{signal: string, at_least: float, emotion: string}> */
     45▕     private function appraisals(): array
     46▕     {
  ➜  47▕         $behavior = require dirname(__DIR__, 2) . '/resources/behavior/emotion_appraisal.php';
     48▕ 
     49▕         return $behavior['appraisals'];
     50▕     }
     51▕ }

  1   Modules/AI/app/Actions/AppraiseStimulusAction.php:47
  2   Modules/AI/app/Actions/AppraiseStimulusAction.php:23

  ────────────────────────────────────────────────────────────────────────────  
   FAILED  Modules\AI\tests\Feature\StimulusAppraisalTest >…   ErrorException   
  require(/var/www/Modules/AI/resources/behavior/emotion_appraisal.php): Failed to open stream: No such file or directory

  at Modules/AI/app/Actions/AppraiseStimulusAction.php:47
     43▕ 
     44▕     /** @return array<int, array{signal: string, at_least: float, emotion: string}> */
     45▕     private function appraisals(): array
     46▕     {
  ➜  47▕         $behavior = require dirname(__DIR__, 2) . '/resources/behavior/emotion_appraisal.php';
     48▕ 
     49▕         return $behavior['appraisals'];
     50▕     }
     51▕ }

  1   Modules/AI/app/Actions/AppraiseStimulusAction.php:47
  2   Modules/AI/app/Actions/AppraiseStimulusAction.php:23

  ────────────────────────────────────────────────────────────────────────────  
   FAILED  Modules\AI\tests\Feature\StimulusAppraisalTest >…   ErrorException   
  require(/var/www/Modules/AI/resources/behavior/emotion_appraisal.php): Failed to open stream: No such file or directory

  at Modules/AI/app/Actions/AppraiseStimulusAction.php:47
     43▕ 
     44▕     /** @return array<int, array{signal: string, at_least: float, emotion: string}> */
     45▕     private function appraisals(): array
     46▕     {
  ➜  47▕         $behavior = require dirname(__DIR__, 2) . '/resources/behavior/emotion_appraisal.php';
     48▕ 
     49▕         return $behavior['appraisals'];
     50▕     }
     51▕ }

  1   Modules/AI/app/Actions/AppraiseStimulusAction.php:47
  2   Modules/AI/app/Actions/AppraiseStimulusAction.php:23


  Tests:    9 failed (0 assertions)
  Duration: 1.36s

These files from your answer were refused and NOT written:
- resources/behavior/emotion_appraisal.php (data must be YAML or JSON so a modder can edit it without code)