the delivered change passed its tests but its live proof failed:
FAIL invariant:WALL_CEILING 25s —  ! [WALL_CEILING] planet 3 holds 24,900 defence units
PROOF: FAIL DEF-001 (invariant:WALL_CEILING) at invariant:WALL_CEILING:  ! [WALL_CEILING] planet 3 holds 24,900 defence units

LIVE EVIDENCE
--- ogamex pulse 30 (live, now):
PULSE last 30 min, 20 accounts: 642 sessions on 20 accounts
  backlog: 66 work item(s) more than a minute late
  sessions chose: QueueUnits 67%, Expedition 11%, Colonize 9%, Transfer 5%, DoNothing 4%, Research 2%, Build 1%, ThrottleMine 1%
  host orders: buildings 184, research 38, units 1017
  missions launched: Expedition 10, Transport 4, Colonisation 1
  work (kind: state count):
    QueueUnits: Completed 437, Pending 12, Retry 3
    QueueResearch: Completed 238, Retry 7, Pending 12
    BuildFirstBuilding: Completed 326, Retry 6, Pending 30
    RunSession: Completed 642, Retry 1, Pending 19
    SetMinePercent: Completed 4, Pending 1
    Expedition: Completed 74, Pending 2
    Transfer: Completed 30
    Colonize: Completed 60, Pending 2
  refused: 
    63 × DispatchFleet: Not enough resources on the planet to send the fleet.
    59 × CreateColony: Not enough units on the planet to send the fleet. Units required: colony_ship
    27 × QueueBuilding: Maximum number of items already in queue.
    26 × DispatchFleet: no_transport_fleet
    23 × QueueUnits: queue_not_created
    1 × DispatchFleet: You are conducting too many expeditions at the same time.
--- ogamex why subject (live, now):
WHY 3 (Miner): what the next session will see

  published: queue_units
  NOT published: build, research, colonize, spy, throttle_mine

  player_id                    3
  observed_at                  1790936582
  account_state                "active"
  recovery_factor              0
  fleet_slots_free             13
  colonize_eligible            true
  target_reports               10 item(s): [{"report_id":17,"observed_at":1790892964,"expires_at":1790979364,"confidence":0,"travel_cost":0.021861111111111112,"activity":false,"attack_permitted":true,"score_viable":false,"defenceless":false},{"report_id":15,"observed_at":1790892960,
  fleetsave_eligible           false
  fleetsave_skip_reason        null
  inbound_fleets               0 item(s)
  reaction_wake_at             null
  recall_eligible              false
  planets                      7 planet(s)

  decision: Expedition
    QueueUnits    41.0  resource_need=30, safety=10, seeded_variation=1
    Expedition    39.2  resource_need=9, safety=30, seeded_variation=0.2
    Transfer      27.5  resource_need=12, safety=15, seeded_variation=0.5
    DoNothing      6.7  safety=5, seeded_variation=1.7
  turned down by the candidate factory: nothing