FleetSavePlanningTest: [90mTests:[39m    [31;1m5 failed[39;22m[90m (0 assertions)[39m


     52▕ 
  ➜  53▕             $result = $statement->execute();
     54▕ 
     55▕             $this->lastInsertId = $this->getPdo()->lastInsertId($sequence);
     56▕ 
     57▕             return $result;

      +21 vendor frames 
  22  Modules/AI/tests/Feature/FleetSavePlanningTest.php:47

  ────────────────────────────────────────────────────────────────────────────  
   FAILED  Modules\AI\tests\Feature\FleetSavePlanningTest >…   QueryException   
  SQLSTATE[HY000]: General error: 1364 Field 'lang' doesn't have a default value (Connection: mysql, Host: mysql, Port: 3306, Database: ogamex-test, SQL: insert into `users` (`username`, `email`, `password`, `updated_at`, `created_at`) values (save-vgboizn37y, 7txejmsozp@example.test, $2y$04$MOKDVpzZ7jjJEGW4wPzXBOL5W1gEMQcLByO.AxxAzhtVbIH6glMFG, 2024-01-01 00:00:00, 2024-01-01 00:00:00))

  at vendor/laravel/framework/src/Illuminate/Database/MySqlConnection.php:53
     49▕             $this->bindValues($statement, $this->prepareBindings($bindings));
     50▕ 
     51▕             $this->recordsHaveBeenModified();
     52▕ 
  ➜  53▕             $result = $statement->execute();
     54▕ 
     55▕             $this->lastInsertId = $this->getPdo()->lastInsertId($sequence);
     56▕ 
     57▕             return $result;

      +21 vendor frames 
  22  Modules/AI/tests/Feature/FleetSavePlanningTest.php:47

  ────────────────────────────────────────────────────────────────────────────  
   FAILED  Modules\AI\tests\Feature\FleetSavePlanningTest >…   QueryException   
  SQLSTATE[HY000]: General error: 1364 Field 'lang' doesn't have a default value (Connection: mysql, Host: mysql, Port: 3306, Database: ogamex-test, SQL: insert into `users` (`username`, `email`, `password`, `updated_at`, `created_at`) values (save-ko4epka7rb, ai7g3edhej@example.test, $2y$04$aMiQlNVwp.j4YYhL4rznyOX.onJNS.Y6HUpiTMnhmNpd.r7tMwuNO, 2024-01-01 00:00:00, 2024-01-01 00:00:00))

  at vendor/laravel/framework/src/Illuminate/Database/MySqlConnection.php:53
     49▕             $this->bindValues($statement, $this->prepareBindings($bindings));
     50▕ 
     51▕             $this->recordsHaveBeenModified();
     52▕ 
  ➜  53▕             $result = $statement->execute();
     54▕ 
     55▕             $this->lastInsertId = $this->getPdo()->lastInsertId($sequence);
     56▕ 
     57▕             return $result;

      +21 vendor frames 
  22  Modules/AI/tests/Feature/FleetSavePlanningTest.php:47


  Tests:    5 failed (0 assertions)
  Duration: 1.11s

These files from your answer were refused and NOT written:
- resources/behavior/fleet_saving.php (data must be YAML or JSON so a modder can edit it without code)