AiAllianceLifeExitTest: [90mTests:[39m    [31;1m5 failed[39;22m[90m (0 assertions)[39m

{
  ➜ 134▕         return require dirname(__DIR__, 2) . self::BEHAVIOUR_FILE;
    135▕     }
    136▕ }
    137▕

  1   Modules/AI/app/Actions/LeaveAiAllianceAction.php:134
  2   Modules/AI/app/Actions/LeaveAiAllianceAction.php:75

  ────────────────────────────────────────────────────────────────────────────  
   FAILED  Modules\AI\tests\Feature\AiAllianceLifeExitTest >…  ErrorException   
  require(/var/www/Modules/AI/resources/behavior/alliance_life.php): Failed to open stream: No such file or directory

  at Modules/AI/app/Actions/LeaveAiAllianceAction.php:134
    130▕      * @return array{exit: array{hostile_threat: float, empty_club_days: int}}
    131▕      */
    132▕     private function behaviour(): array
    133▕     {
  ➜ 134▕         return require dirname(__DIR__, 2) . self::BEHAVIOUR_FILE;
    135▕     }
    136▕ }
    137▕

  1   Modules/AI/app/Actions/LeaveAiAllianceAction.php:134
  2   Modules/AI/app/Actions/LeaveAiAllianceAction.php:75

  ────────────────────────────────────────────────────────────────────────────  
   FAILED  Modules\AI\tests\Feature\AiAllianceLifeExitTest >…  ErrorException   
  require(/var/www/Modules/AI/resources/behavior/alliance_life.php): Failed to open stream: No such file or directory

  at Modules/AI/app/Actions/LeaveAiAllianceAction.php:134
    130▕      * @return array{exit: array{hostile_threat: float, empty_club_days: int}}
    131▕      */
    132▕     private function behaviour(): array
    133▕     {
  ➜ 134▕         return require dirname(__DIR__, 2) . self::BEHAVIOUR_FILE;
    135▕     }
    136▕ }
    137▕

  1   Modules/AI/app/Actions/LeaveAiAllianceAction.php:134
  2   Modules/AI/app/Actions/LeaveAiAllianceAction.php:75

  ────────────────────────────────────────────────────────────────────────────  
   FAILED  Modules\AI\tests\Feature\AiAllianceLifeExitTest >…  ErrorException   
  require(/var/www/Modules/AI/resources/behavior/alliance_life.php): Failed to open stream: No such file or directory

  at Modules/AI/app/Actions/LeaveAiAllianceAction.php:134
    130▕      * @return array{exit: array{hostile_threat: float, empty_club_days: int}}
    131▕      */
    132▕     private function behaviour(): array
    133▕     {
  ➜ 134▕         return require dirname(__DIR__, 2) . self::BEHAVIOUR_FILE;
    135▕     }
    136▕ }
    137▕

  1   Modules/AI/app/Actions/LeaveAiAllianceAction.php:134
  2   Modules/AI/app/Actions/LeaveAiAllianceAction.php:75


  Tests:    5 failed (0 assertions)
  Duration: 1.16s

These files from your answer were refused and NOT written:
- resources/behavior/alliance_life.php (data must be YAML or JSON so a modder can edit it without code)