ExpeditionResultReadTest: [90mTests:[39m    [31;1m4 failed[39;22m[90m (0 assertions)[39m

unread
     70▕     // result can keep the account on the ground here.

  1   Modules/AI/tests/Feature/ExpeditionResultReadTest.php:66

  ────────────────────────────────────────────────────────────────────────────  
   FAILED  Modules\AI\tests\Feature\ExpeditionResultReadTest > an exp…  Error   
  Call to undefined method Modules\AI\tests\Feature\ExpeditionResultReadTest::createPlayer()

  at Modules/AI/tests/Feature/ExpeditionResultReadTest.php:66
     62▕ 
     63▕ uses(ExpeditionResultReadModuleTestCase::class);
     64▕ 
     65▕ beforeEach(function () {
  ➜  66▕     $this->player = $this->createPlayer();
     67▕     $this->planet = $this->createPlanet($this->player);
     68▕ 
     69▕     // Four slots, so the host never blocks on slots alone: only an unread
     70▕     // result can keep the account on the ground here.

  1   Modules/AI/tests/Feature/ExpeditionResultReadTest.php:66

  ────────────────────────────────────────────────────────────────────────────  
   FAILED  Modules\AI\tests\Feature\ExpeditionResultReadTest > a seco…  Error   
  Call to undefined method Modules\AI\tests\Feature\ExpeditionResultReadTest::createPlayer()

  at Modules/AI/tests/Feature/ExpeditionResultReadTest.php:66
     62▕ 
     63▕ uses(ExpeditionResultReadModuleTestCase::class);
     64▕ 
     65▕ beforeEach(function () {
  ➜  66▕     $this->player = $this->createPlayer();
     67▕     $this->planet = $this->createPlanet($this->player);
     68▕ 
     69▕     // Four slots, so the host never blocks on slots alone: only an unread
     70▕     // result can keep the account on the ground here.

  1   Modules/AI/tests/Feature/ExpeditionResultReadTest.php:66

  ────────────────────────────────────────────────────────────────────────────  
   FAILED  Modules\AI\tests\Feature\ExpeditionResultReadTest > a resu…  Error   
  Call to undefined method Modules\AI\tests\Feature\ExpeditionResultReadTest::createPlayer()

  at Modules/AI/tests/Feature/ExpeditionResultReadTest.php:66
     62▕ 
     63▕ uses(ExpeditionResultReadModuleTestCase::class);
     64▕ 
     65▕ beforeEach(function () {
  ➜  66▕     $this->player = $this->createPlayer();
     67▕     $this->planet = $this->createPlanet($this->player);
     68▕ 
     69▕     // Four slots, so the host never blocks on slots alone: only an unread
     70▕     // result can keep the account on the ground here.

  1   Modules/AI/tests/Feature/ExpeditionResultReadTest.php:66


  Tests:    4 failed (0 assertions)
  Duration: 1.12s

These files from your answer were refused and NOT written:
- resources/behavior/expedition_results.php (data must be YAML or JSON so a modder can edit it without code)