GrowthStallReactionTest: [90mTests:[39m    [31;1m4 failed[39;22m[90m (1 assertions)[39m

     30▕ 
     31▕     setAccountClock($base);
     32▕ }

  1   Modules/AI/tests/Feature/GrowthStallReactionTest.php:28
  2   Modules/AI/tests/Feature/GrowthStallReactionTest.php:49

  ────────────────────────────────────────────────────────────────────────────  
   FAILED  Modules\AI\tests\Feature\GrowthStallReactionTest > the min…  Error   
  Call to undefined method Modules\AI\Actions\RecordAiScoreSamplesAction::execute()

  at Modules/AI/tests/Feature/GrowthStallReactionTest.php:28
     24▕     $base = CarbonImmutable::now();
     25▕ 
     26▕     for ($hour = $hours; $hour >= 0; $hour--) {
     27▕         setAccountClock($base->subHours($hour));
  ➜  28▕         app(RecordAiScoreSamplesAction::class)->execute($playerId);
     29▕     }
     30▕ 
     31▕     setAccountClock($base);
     32▕ }

  1   Modules/AI/tests/Feature/GrowthStallReactionTest.php:28
  2   Modules/AI/tests/Feature/GrowthStallReactionTest.php:63

  ────────────────────────────────────────────────────────────────────────────  
   FAILED  Modules\AI\tests\Feature\GrowthStallReactionTest > a stall…  Error   
  Call to undefined method Modules\AI\Actions\RecordAiScoreSamplesAction::execute()

  at Modules/AI/tests/Feature/GrowthStallReactionTest.php:28
     24▕     $base = CarbonImmutable::now();
     25▕ 
     26▕     for ($hour = $hours; $hour >= 0; $hour--) {
     27▕         setAccountClock($base->subHours($hour));
  ➜  28▕         app(RecordAiScoreSamplesAction::class)->execute($playerId);
     29▕     }
     30▕ 
     31▕     setAccountClock($base);
     32▕ }

  1   Modules/AI/tests/Feature/GrowthStallReactionTest.php:28
  2   Modules/AI/tests/Feature/GrowthStallReactionTest.php:76

  ────────────────────────────────────────────────────────────────────────────  
   FAILED  Modules\AI\tests\Feature\GrowthStallReactionTest > nothing…  Error   
  Call to undefined method Modules\AI\Actions\RecordAiScoreSamplesAction::execute()

  at Modules/AI/tests/Feature/GrowthStallReactionTest.php:28
     24▕     $base = CarbonImmutable::now();
     25▕ 
     26▕     for ($hour = $hours; $hour >= 0; $hour--) {
     27▕         setAccountClock($base->subHours($hour));
  ➜  28▕         app(RecordAiScoreSamplesAction::class)->execute($playerId);
     29▕     }
     30▕ 
     31▕     setAccountClock($base);
     32▕ }

  1   Modules/AI/tests/Feature/GrowthStallReactionTest.php:28
  2   Modules/AI/tests/Feature/GrowthStallReactionTest.php:92


  Tests:    4 failed (1 assertions)
  Duration: 0.98s