the delivered change passed its tests but its live proof failed:
FAIL invariant:LIFE_FIGHTS 41s —  ! [LIFE_FIGHTS] 124 of 813 battles today had combat rounds (15%): the raids pillage empty planets instead of fighting
PROOF: FAIL LIFE-001 (invariant:LIFE_FIGHTS) at invariant:LIFE_FIGHTS:  ! [LIFE_FIGHTS] 124 of 813 battles today had combat rounds (15%): the raids pillage empty planets instead of fighting

LIVE EVIDENCE
--- ogamex pulse 30 (live, now):
PULSE last 30 min, 100 accounts: 562 sessions on 100 accounts
  backlog: 227 work item(s) more than a minute late, oldest 21 min — live verdicts read worker lag
  sessions chose: Transfer 39%, QueueUnits 34%, ThrottleMine 7%, DoNothing 6%, Colonize 4%, Build 4%, Expedition 3%, Spy 2%, Research 1%, Raid 0%
  host orders: buildings 1439, research 147, units 375
  missions launched: Transport 124, Expedition 17, Colonisation 12, Espionage 12, Attack 2
  work (kind: state count):
    RunSession: Completed 562, Pending 99, Retry 3
    Transfer: Completed 231, Pending 28, Retry 1
    BuildFirstBuilding: Completed 1679, Retry 8, Pending 166
    SetMinePercent: Completed 42, Pending 2
    QueueUnits: Completed 400, Retry 7, Pending 43
    QueueResearch: Completed 221, Pending 16, Retry 1
    Expedition: Completed 18
    Colonize: Completed 19, Retry 1
    Raid: Completed 2
    Spy: Completed 12
  refused: 
    78 × DispatchFleet: You don't have sufficient storage capacity!
    16 × DispatchFleet: Not enough resources on the planet to send the fleet.
    15 × QueueUnits: queue_not_created
    10 × DispatchFleet: no_transport_fleet
    7 × QueueBuilding: Maximum number of items already in queue.
    7 × QueueResearch: already_researching
    4 × DispatchFleet: source_short_at_dispatch
    4 × CreateColony: Not enough resources on the planet to send the fleet.
    2 × QueueUnits: nothing_queueable
    2 × CreateColony: This mission is not possible.
    1 × CreateColony: Not enough units on the planet to send the fleet. Units required: colony_ship
--- ogamex why subject (live, now):
WHY 35 (Miner): what the next session will see

  published: build, queue_units, spy, throttle_mine
  NOT published: research, colonize

  player_id                    35
  observed_at                  1790997970
  account_state                "active"
  recovery_factor              0
  fleet_slots_free             2
  colonize_eligible            true
  target_reports               7 item(s): [{"report_id":730,"observed_at":1790959487,"expires_at":1791045887,"confidence":0,"travel_cost":0.017638888888888888,"activity":false,"attack_permitted":true,"score_viable":false,"defenceless":true},{"report_id":609,"observed_at":1790955978
  fleetsave_eligible           false
  fleetsave_skip_reason        null
  inbound_fleets               0 item(s)
  reaction_wake_at             null
  recall_eligible              false
  planets                      5 planet(s)

  decision: Transfer
    Build         64.8  resource_need=30, safety=10, archetype_preference=25, seeded_variation=-0.2
    Transfer      41.5  resource_need=27, safety=15, seeded_variation=-0.5
    QueueUnits    40.4  resource_need=30, safety=10, seeded_variation=0.4
    ThrottleMine  40.3  resource_need=30, safety=10, seeded_variation=0.3
    Spy           39.9  resource_need=30, safety=10, seeded_variation=-0.1
    Expedition    39.4  resource_need=9, safety=30, seeded_variation=0.4
    DoNothing      4.6  safety=5, seeded_variation=-0.4
  turned down by the candidate factory: nothing