the delivered change passed its tests but its live proof failed:
FAIL invariant:COVER_OBJECTS 19s —  ! [COVER_OBJECTS] no AI account holds metal_mine
PROOF: FAIL MISSILES-001 (invariant:COVER_OBJECTS) at invariant:COVER_OBJECTS:  ! [COVER_OBJECTS] no AI account holds metal_mine

LIVE EVIDENCE
--- ogamex pulse 30 (live, now):
PULSE last 30 min, 100 accounts: 64 sessions on 53 accounts
  backlog: 512 work item(s) more than a minute late, oldest 91 min — live verdicts read worker lag
  sessions chose: Recycle 36%, QueueUnits 28%, Defend 9%, ThrottleMine 5%, Spy 5%, Build 5%, Raid 5%, Research 5%, Transfer 3%
  host orders: buildings 254, research 49, units 112
  missions launched: Missile 6, Transport 36, Recycle 23, Espionage 19, Expedition 13, Deployment 1, AcsDefend 2, Attack 3
  work (kind: state count):
    QueueResearch: Completed 56, Retry 3, Pending 46
    RunSession: Completed 64, Pending 54
    FleetSave: Completed 1
    BuildFirstBuilding: Completed 217, Retry 14, Pending 169
    Colonize: Completed 3, Pending 1
    Recycle: Completed 36, Retry 2, Pending 29
    Spy: Completed 22, Retry 2, Pending 21
    Transfer: Completed 36, Retry 4, Pending 21
    Expedition: Completed 14, Retry 3, Pending 14
    QueueUnits: Completed 50, Retry 6, Pending 34
    Defend: Completed 4, Retry 1, Pending 3
    RaidWave: Completed 4, Retry 1, Pending 2
    Raid: Completed 4, Pending 2, Retry 1
    Missile: Completed 6, Pending 1
    SetMinePercent: Completed 3, Pending 1
  refused: 
    3 × DispatchFleet: no_disposable_fleet
    3 × DispatchFleet: This mission is not possible.
    3 × CreateColony: Not enough units on the planet to send the fleet. Units required: colony_ship
    1 × QueueUnits: nothing_queueable
    1 × DispatchFleet: You can only send ACS Defend missions to buddies or alliance members!
    1 × DispatchFleet: Not enough units on the planet to send the fleet. Units required: recycler, battlecruiser
    1 × QueueBuilding: Not enough fields on this planet. Upgrade your Terraformer or use a planet field item to get more fields.
    1 × QueueBuilding: shipyard_busy
--- ogamex why subject (live, now):
WHY 35 (Miner): what the next session will see

  published: build, queue_units, throttle_mine
  NOT published: research, colonize, spy

  player_id                    35
  observed_at                  1791115409
  account_state                "active"
  recovery_factor              0.9972
  fleet_slots_free             11
  colonize_eligible            true
  target_reports               12 item(s): [{"report_id":3874,"observed_at":1791114420,"expires_at":1791200820,"confidence":0.2328125,"travel_cost":0.09469444444444444,"activity":true,"attack_permitted":true,"score_viable":true,"defenceless":false},{"report_id":3841,"observed_at":17
  fleetsave_eligible           false
  fleetsave_skip_reason        null
  inbound_fleets               0 item(s)
  reaction_wake_at             null
  recall_eligible              false
  planets                      7 planet(s)

  decision: Recycle
    Build         85.1  resource_need=30, safety=10, recovery=19.9, archetype_preference=25, seeded_variation=0.2
    Recycle       64.4  resource_need=30, safety=15, recovery=19.9, seeded_variation=-0.5
    QueueUnits    60.4  resource_need=30, safety=10, recovery=19.9, seeded_variation=0.5
    ThrottleMine  60.3  resource_need=30, safety=10, recovery=19.9, seeded_variation=0.3
    Expedition    58.8  resource_need=9, safety=30, recovery=19.9, seeded_variation=-0.2
    DoNothing     25.2  safety=5, recovery=19.9, seeded_variation=0.3
  turned down by the candidate factory: 
    report:3874: raid_not_viable
    report:3841: raid_not_viable
    report:3786: raid_not_viable
    report:3728: raid_not_viable
    report:3635: raid_not_viable
    report:3030: raid_not_viable
    report:2965: raid_not_viable
    report:2910: raid_not_viable
    report:1692: raid_not_viable
    report:1591: raid_not_viable
    report:1446: raid_not_viable
    report:1303: raid_not_viable