the delivered change passed its tests but its live proof failed:
FAIL invariant:AUTH_UPTIME 20s —  ! [AUTH_UPTIME] player 35 is active in 24 of 24 hours of the day
PROOF: FAIL QUAL-010 (invariant:AUTH_UPTIME) at invariant:AUTH_UPTIME:  ! [AUTH_UPTIME] player 35 is active in 24 of 24 hours of the day

LIVE EVIDENCE
--- ogamex pulse 30 (live, now):
PULSE last 30 min, 100 accounts: 291 sessions on 100 accounts
  backlog: 179 work item(s) more than a minute late, oldest 25 min — live verdicts read worker lag
  sessions chose: QueueUnits 24%, Defend 21%, Raid 20%, Transfer 10%, Spy 9%, Build 4%, Colonize 3%, ThrottleMine 3%, DoNothing 2%, Research 1%, Expedition 1%, Trade 1%, Recall 1%
  host orders: buildings 362, research 65, units 230
  missions launched: Attack 8, AcsDefend 41, Espionage 25, Deployment 9, Transport 29, Colonisation 4
  work (kind: state count):
    RunSession: Completed 291, Pending 104, Retry 2
    BuildFirstBuilding: Completed 421, Retry 6, Pending 74
    Defend: Completed 60, Retry 2, Pending 11
    QueueUnits: Completed 189, Retry 5, Pending 30
    Transfer: Completed 29, Retry 2, Pending 7
    Raid: Completed 53, Retry 2, Pending 9
    Recall: Completed 2, Retry 1
    Colonize: Completed 9, Pending 1
    QueueResearch: Completed 102, Retry 1, Pending 18
    Spy: Completed 28, Retry 1, Pending 1
    FleetSave: Completed 11, Retry 1, Pending 2
    SetMinePercent: Completed 8
    Expedition: Completed 1, Pending 2
    Trade: Completed 2
  refused: 
    45 × DispatchFleet: target_active_at_dispatch
    19 × DispatchFleet: source_short_at_dispatch
    17 × QueueBuilding: Maximum number of items already in queue.
    5 × CreateColony: Not enough units on the planet to send the fleet. Units required: colony_ship
    4 × QueueUnits: nothing_queueable
    4 × DispatchFleet: no_disposable_fleet
    3 × DispatchFleet: Maximum number of fleets reached.
    2 × RecallFleet: no_deployment_to_recall
    1 × QueueResearch: already_researching
    1 × QueueBuilding: shipyard_busy
--- ogamex why subject (live, now):
WHY 35 (Miner): what the next session will see

  published: build, queue_units, spy, throttle_mine
  NOT published: research, colonize

  player_id                    35
  observed_at                  1791051926
  account_state                "active"
  recovery_factor              0.1424
  fleet_slots_free             11
  colonize_eligible            true
  target_reports               7 item(s): [{"report_id":1446,"observed_at":1791041456,"expires_at":1791127856,"confidence":0.27284722222222224,"travel_cost":0.016055555555555556,"activity":false,"attack_permitted":true,"score_viable":false,"defenceless":true},{"report_id":1303,"obs
  fleetsave_eligible           false
  fleetsave_skip_reason        null
  inbound_fleets               0 item(s)
  reaction_wake_at             null
  recall_eligible              false
  planets                      6 planet(s)

  decision: ThrottleMine
    Build         67.8  resource_need=30, safety=10, recovery=2.8, archetype_preference=25, seeded_variation=-0.1
    ThrottleMine  42.9  resource_need=30, safety=10, recovery=2.8, seeded_variation=0
    Spy           42.5  resource_need=30, safety=10, recovery=2.8, seeded_variation=-0.4
    QueueUnits    42.4  resource_need=30, safety=10, recovery=2.8, seeded_variation=-0.5
    Expedition    41.6  resource_need=9, safety=30, recovery=2.8, seeded_variation=-0.3
    Raid          41.5  resource_need=30, safety=5, travel_cost=-0.1, recovery=2.8, archetype_preference=3.8, seeded_variation=-0.3, affect=0.3
    Raid          41.2  resource_need=30, safety=5, travel_cost=-0.4, recovery=2.8, archetype_preference=3.8, seeded_variation=-0.3, affect=0.3
    Raid          41.2  resource_need=30, safety=5, travel_cost=-0.4, recovery=2.8, archetype_preference=3.8, seeded_variation=-0.3, affect=0.3
    Raid          41.2  resource_need=30, safety=5, travel_cost=-0.4, recovery=2.8, archetype_preference=3.8, seeded_variation=-0.3, affect=0.3
    DoNothing      8.3  safety=5, recovery=2.8, seeded_variation=0.5
  turned down by the candidate factory: 
    report:1446: raid_not_viable
    report:1303: raid_not_viable
    report:1216: raid_not_viable