the delivered change passed its tests but its live proof failed:
PASS test:ColonisationSituationTest 2s
FAIL aspect:colonisation 0s —  FAIL colonisation 0 floor 3 settles new planets while slots remain
PROOF: FAIL QUAL-008 (test:ColonisationSituationTest aspect:colonisation) at aspect:colonisation:  FAIL colonisation 0 floor 3 settles new planets while slots remain

LIVE EVIDENCE
--- ogamex pulse 30 (live, now):
PULSE last 30 min, 100 accounts: 1107 sessions on 80 accounts
  backlog: 72 work item(s) more than a minute late
  sessions chose: Build 88%, ThrottleMine 4%, Research 4%, DoNothing 4%
  host orders: buildings 1047, research 321, units 0
  missions launched: none
  work (kind: state count):
    RunSession: Retry 16, Completed 1106, Pending 84, Leased 1
    BuildFirstBuilding: Completed 1075, Pending 62, Retry 1
    QueueResearch: Completed 441, Pending 49, Retry 9
    SetMinePercent: Completed 51
  refused: nothing
--- ogamex why subject (live, now):
WHY 35 (Miner): what the next session will see

  published: build
  NOT published: research, queue_units, colonize, spy, throttle_mine

  player_id                    35
  observed_at                  1790947497
  account_state                "active"
  recovery_factor              0
  fleet_slots_free             1
  colonize_eligible            true
  target_reports               0 item(s)
  fleetsave_eligible           false
  fleetsave_skip_reason        null
  inbound_fleets               0 item(s)
  reaction_wake_at             null
  recall_eligible              false
  planets                      1 planet(s)

  decision: Build
    Build         65.4  resource_need=30, safety=10, archetype_preference=25, seeded_variation=0.4
    DoNothing      5.4  safety=5, seeded_variation=0.4
  turned down by the candidate factory: nothing