SocialContactInitiationTest: [90mTests:[39m    [31;1m5 failed[39;22m[90m (11 assertions)[39m

change answered past its freshness window is history, not an opening', function (): void {
     70▕     $now = CarbonImmutable::parse(SOCIAL_CONTACT_NOW);

  1   Modules/AI/tests/Feature/SocialContactInitiationTest.php:66

  ────────────────────────────────────────────────────────────────────────────  
   FAILED  Modules\AI\tests\Feature\SocialContactInitiationTest > an exchang…   
  Failed asserting that 5 is identical to 0.

  at Modules/AI/tests/Feature/SocialContactInitiationTest.php:76
     72▕ 
     73▕     $answered = app(EvaluateAiSocialExchangeAction::class)->handle($cue->id, 0.0, $now);
     74▕ 
     75▕     expect($answered->state)->toBe(AiSocialExchangeState::Responded)
  ➜  76▕         ->and(socialContactOpenings($cue->id))->toBe(0);
     77▕ });
     78▕ 
     79▕ test('an answer still owed between the two stops a reach-out, at the cap and past it', function (int $pending): void {
     80▕     $now = CarbonImmutable::parse(SOCIAL_CONTACT_NOW);

  1   Modules/AI/tests/Feature/SocialContactInitiationTest.php:76

  ────────────────────────────────────────────────────────────────────────────  
   FAILED  Modules\AI\tests\Feature\SocialContactInitiationTest > an answer…    
  Failed asserting that 5 is identical to 0.

  at Modules/AI/tests/Feature/SocialContactInitiationTest.php:91
     87▕ 
     88▕     $answered = app(EvaluateAiSocialExchangeAction::class)->handle($cue->id, 0.0, $now);
     89▕ 
     90▕     expect($answered->state)->toBe(AiSocialExchangeState::Responded)
  ➜  91▕         ->and(socialContactOpenings($cue->id))->toBe(0);
     92▕ })->with([
     93▕     'at the cap' => 1,
     94▕     'past the cap' => 2,
     95▕ ]);

  1   Modules/AI/tests/Feature/SocialContactInitiationTest.php:91

  ────────────────────────────────────────────────────────────────────────────  
   FAILED  Modules\AI\tests\Feature\SocialContactInitiationTest > an answer…    
  Failed asserting that 5 is identical to 0.

  at Modules/AI/tests/Feature/SocialContactInitiationTest.php:91
     87▕ 
     88▕     $answered = app(EvaluateAiSocialExchangeAction::class)->handle($cue->id, 0.0, $now);
     89▕ 
     90▕     expect($answered->state)->toBe(AiSocialExchangeState::Responded)
  ➜  91▕         ->and(socialContactOpenings($cue->id))->toBe(0);
     92▕ })->with([
     93▕     'at the cap' => 1,
     94▕     'past the cap' => 2,
     95▕ ]);

  1   Modules/AI/tests/Feature/SocialContactInitiationTest.php:91


  Tests:    5 failed (11 assertions)
  Duration: 1.46s