MoonChanceCalculatorTest: [90mTests:[39m    [31;1m5 failed[39;22m[90m,[39m[39m [39m[32;1m3 passed[39;22m[90m (4 assertions)[39m

dCallException   
  Method [toBeWithDelta] does not exist in [double].

  at Modules/AI/tests/Feature/MoonChanceCalculatorTest.php:65
     61▕ it('leaves a fleet computed for the reference ratio untouched', function () {
     62▕     $referenceFleetSize = 2000.0;
     63▕ 
     64▕     expect($this->calculator->scaleFleetSize($referenceFleetSize, MoonChanceCalculator::REFERENCE_DEBRIS_RATIO))
  ➜  65▕         ->toBeWithDelta($referenceFleetSize, 1e-9);
     66▕ });
     67▕ 
     68▕ it('keeps shrinking the fleet as the debris ratio rises past the reference', function () {
     69▕     expect($this->calculator->scaleFleetSize(1000.0, 0.60))->toBeWithDelta(500.0, 1e-9);

  1   Modules/AI/tests/Feature/MoonChanceCalculatorTest.php:65

  ────────────────────────────────────────────────────────────────────────────  
   FAILED  Modules\AI\tests\Feature\MoonChanceCalcul…  BadMethodCallException   
  Method [toBeWithDelta] does not exist in [double].

  at Modules/AI/tests/Feature/MoonChanceCalculatorTest.php:69
     65▕         ->toBeWithDelta($referenceFleetSize, 1e-9);
     66▕ });
     67▕ 
     68▕ it('keeps shrinking the fleet as the debris ratio rises past the reference', function () {
  ➜  69▕     expect($this->calculator->scaleFleetSize(1000.0, 0.60))->toBeWithDelta(500.0, 1e-9);
     70▕ });
     71▕ 
     72▕ it('demands a fleet proportional to the moon chance asked for', function () {
     73▕     expect($this->calculator->requiredLightFighters(10.0, 0.40))->toBeWithDelta(625.0, 1e-9);

  1   Modules/AI/tests/Feature/MoonChanceCalculatorTest.php:69

  ────────────────────────────────────────────────────────────────────────────  
   FAILED  Modules\AI\tests\Feature\MoonChanceCalcul…  BadMethodCallException   
  Method [toBeWithDelta] does not exist in [double].

  at Modules/AI/tests/Feature/MoonChanceCalculatorTest.php:73
     69▕     expect($this->calculator->scaleFleetSize(1000.0, 0.60))->toBeWithDelta(500.0, 1e-9);
     70▕ });
     71▕ 
     72▕ it('demands a fleet proportional to the moon chance asked for', function () {
  ➜  73▕     expect($this->calculator->requiredLightFighters(10.0, 0.40))->toBeWithDelta(625.0, 1e-9);
     74▕     expect($this->calculator->requiredLightFighters(0.0, 0.40))->toBe(0.0);
     75▕ });
     76▕ 
     77▕ it('refuses a debris ratio of zero, which no fleet size can satisfy', function () {

  1   Modules/AI/tests/Feature/MoonChanceCalculatorTest.php:73


  Tests:    5 failed, 3 passed (4 assertions)
  Duration: 1.23s