MobileAttackBaseScenarioTest: [90mTests:[39m    [31;1m3 failed[39;22m[90m (0 assertions)[39m

e persona the mobile attack base scenario is played as  0.56s  
  ⨯ it round-trips the mobile attack base scenario unchanged through th… 0.06s  
  ⨯ it dispatches no fleet action when the mobile attack base scenario…  0.08s  
  ────────────────────────────────────────────────────────────────────────────  
   FAILED  Modules\AI\tests\Feature\MobileAttack…  BindingResolutionException   
  Target class [Modules\AI\Support\ScenarioValidator] does not exist.

  at vendor/laravel/framework/src/Illuminate/Container/Container.php:1147
    1143▕             }
    1144▕         }
    1145▕ 
    1146▕         try {
  ➜ 1147▕             $reflector = new ReflectionClass($concrete);
    1148▕         } catch (ReflectionException $e) {
    1149▕             throw new BindingResolutionException("Target class [$concrete] does not exist.", 0, $e);
    1150▕         }
    1151▕

      +6 vendor frames 
  7   Modules/AI/tests/Feature/MobileAttackBaseScenarioTest.php:46

  ────────────────────────────────────────────────────────────────────────────  
   FAILED  Modules\AI\tests\Feature\MobileAttack…  BindingResolutionException   
  Target class [Modules\AI\Support\ScenarioValidator] does not exist.

  at vendor/laravel/framework/src/Illuminate/Container/Container.php:1147
    1143▕             }
    1144▕         }
    1145▕ 
    1146▕         try {
  ➜ 1147▕             $reflector = new ReflectionClass($concrete);
    1148▕         } catch (ReflectionException $e) {
    1149▕             throw new BindingResolutionException("Target class [$concrete] does not exist.", 0, $e);
    1150▕         }
    1151▕

      +6 vendor frames 
  7   Modules/AI/tests/Feature/MobileAttackBaseScenarioTest.php:59

  ────────────────────────────────────────────────────────────────────────────  
   FAILED  Modules\AI\tests\Feature\MobileAttack…  BindingResolutionException   
  Target class [Modules\AI\Support\ScenarioValidator] does not exist.

  at vendor/laravel/framework/src/Illuminate/Container/Container.php:1147
    1143▕             }
    1144▕         }
    1145▕ 
    1146▕         try {
  ➜ 1147▕             $reflector = new ReflectionClass($concrete);
    1148▕         } catch (ReflectionException $e) {
    1149▕             throw new BindingResolutionException("Target class [$concrete] does not exist.", 0, $e);
    1150▕         }
    1151▕

      +6 vendor frames 
  7   Modules/AI/tests/Feature/MobileAttackBaseScenarioTest.php:67


  Tests:    3 failed (0 assertions)
  Duration: 1.23s