StarterAidRewardCollectionTest: [90mTests:[39m    [31;1m6 failed[39;22m[90m (0 assertions)[39m

irname(__DIR__, 2) . '/resources/behavior/starter_aid.php';
     64▕     }
     65▕ }
     66▕

  1   Modules/AI/app/Actions/CollectStarterAidReward.php:63
  2   Modules/AI/app/Actions/CollectStarterAidReward.php:52

  ────────────────────────────────────────────────────────────────────────────  
   FAILED  Modules\AI\tests\Feature\StarterAidRewardCollecti…  ErrorException   
  require(/var/www/Modules/AI/resources/behavior/starter_aid.php): Failed to open stream: No such file or directory

  at Modules/AI/app/Actions/CollectStarterAidReward.php:63
     59▕      * @return array{first_reward_day: int, last_reward_day: int}
     60▕      */
     61▕     private function schedule(): array
     62▕     {
  ➜  63▕         return require dirname(__DIR__, 2) . '/resources/behavior/starter_aid.php';
     64▕     }
     65▕ }
     66▕

  1   Modules/AI/app/Actions/CollectStarterAidReward.php:63
  2   Modules/AI/app/Actions/CollectStarterAidReward.php:52

  ────────────────────────────────────────────────────────────────────────────  
   FAILED  Modules\AI\tests\Feature\StarterAidRewardCollecti…  ErrorException   
  require(/var/www/Modules/AI/resources/behavior/starter_aid.php): Failed to open stream: No such file or directory

  at Modules/AI/app/Actions/CollectStarterAidReward.php:63
     59▕      * @return array{first_reward_day: int, last_reward_day: int}
     60▕      */
     61▕     private function schedule(): array
     62▕     {
  ➜  63▕         return require dirname(__DIR__, 2) . '/resources/behavior/starter_aid.php';
     64▕     }
     65▕ }
     66▕

  1   Modules/AI/app/Actions/CollectStarterAidReward.php:63
  2   Modules/AI/app/Actions/CollectStarterAidReward.php:52

  ────────────────────────────────────────────────────────────────────────────  
   FAILED  Modules\AI\tests\Feature\StarterAidRewardCollecti…  ErrorException   
  require(/var/www/Modules/AI/resources/behavior/starter_aid.php): Failed to open stream: No such file or directory

  at Modules/AI/app/Actions/CollectStarterAidReward.php:63
     59▕      * @return array{first_reward_day: int, last_reward_day: int}
     60▕      */
     61▕     private function schedule(): array
     62▕     {
  ➜  63▕         return require dirname(__DIR__, 2) . '/resources/behavior/starter_aid.php';
     64▕     }
     65▕ }
     66▕

  1   Modules/AI/app/Actions/CollectStarterAidReward.php:63
  2   Modules/AI/app/Actions/CollectStarterAidReward.php:52


  Tests:    6 failed (0 assertions)
  Duration: 0.99s

These files from your answer were refused and NOT written:
- resources/behavior/starter_aid.php (data must be YAML or JSON so a modder can edit it without code)