DeploymentRecallTest: [90mTests:[39m    [31;1m2 failed[39;22m[90m (0 assertions)[39m

FAIL  Modules\AI\tests\Feature\DeploymentRecallTest
  ⨯ it recalls a deployment parked on one of the account own planets     0.37s  
  ⨯ it refuses a deployment bound for a foreign coordinate               0.05s  
  ────────────────────────────────────────────────────────────────────────────  
   FAILED  Modules\AI\tests\Feature\DeploymentRecallTest > i…  QueryException   
  SQLSTATE[HY000]: General error: 1364 Field 'lang' doesn't have a default value (Connection: mysql, Host: mysql, Port: 3306, Database: ogamex-test, SQL: insert into `users` (`username`, `email`, `password`, `updated_at`, `created_at`) values (ai-recall-own, ai-recall-own@example.com, password, 2024-01-01 00:00:00, 2024-01-01 00:00:00))

  at vendor/laravel/framework/src/Illuminate/Database/MySqlConnection.php:53
     49▕             $this->bindValues($statement, $this->prepareBindings($bindings));
     50▕ 
     51▕             $this->recordsHaveBeenModified();
     52▕ 
  ➜  53▕             $result = $statement->execute();
     54▕ 
     55▕             $this->lastInsertId = $this->getPdo()->lastInsertId($sequence);
     56▕ 
     57▕             return $result;

      +10 vendor frames 
  11  Modules/AI/tests/Feature/DeploymentRecallTest.php:26
  12  Modules/AI/tests/Feature/DeploymentRecallTest.php:80

  ────────────────────────────────────────────────────────────────────────────  
   FAILED  Modules\AI\tests\Feature\DeploymentRecallTest > i…  QueryException   
  SQLSTATE[HY000]: General error: 1364 Field 'lang' doesn't have a default value (Connection: mysql, Host: mysql, Port: 3306, Database: ogamex-test, SQL: insert into `users` (`username`, `email`, `password`, `updated_at`, `created_at`) values (ai-recall-visitor, ai-recall-visitor@example.com, password, 2024-01-01 00:00:00, 2024-01-01 00:00:00))

  at vendor/laravel/framework/src/Illuminate/Database/MySqlConnection.php:53
     49▕             $this->bindValues($statement, $this->prepareBindings($bindings));
     50▕ 
     51▕             $this->recordsHaveBeenModified();
     52▕ 
  ➜  53▕             $result = $statement->execute();
     54▕ 
     55▕             $this->lastInsertId = $this->getPdo()->lastInsertId($sequence);
     56▕ 
     57▕             return $result;

      +10 vendor frames 
  11  Modules/AI/tests/Feature/DeploymentRecallTest.php:26
  12  Modules/AI/tests/Feature/DeploymentRecallTest.php:91


  Tests:    2 failed (0 assertions)
  Duration: 0.88s