PlanResourceTransportTest: [90mTests:[39m    [31;1m6 failed[39;22m[90m (0 assertions)[39m

nthesizer`, `deuterium_synthesizer_percent`, `crystal_mine`, `crystal_mine_percent`, `crawler_percent`, `planet_type`, `diameter`, `field_max`, `temp_min`, `temp_max`, `metal`, `crystal`, `deuterium`, `fusion_plant`, `destroyed`, `field_current`, `updated_at`, `created_at`) values (FakePlanetName, 0, 10, 0, 10, 0, 10, 0, 10, 10, 1, 300, 220, 35, 97, 0, 0, 0, 0, 0, 0, 2024-01-01 00:00:00, 2024-01-01 00:00:00))

  at vendor/laravel/framework/src/Illuminate/Database/MySqlConnection.php:53
     49▕             $this->bindValues($statement, $this->prepareBindings($bindings));
     50▕ 
     51▕             $this->recordsHaveBeenModified();
     52▕ 
  ➜  53▕             $result = $statement->execute();
     54▕ 
     55▕             $this->lastInsertId = $this->getPdo()->lastInsertId($sequence);
     56▕ 
     57▕             return $result;

      +14 vendor frames 
  15  Modules/AI/tests/Feature/PlanResourceTransportTest.php:42
  16  Modules/AI/tests/Feature/PlanResourceTransportTest.php:97

  ────────────────────────────────────────────────────────────────────────────  
   FAILED  Modules\AI\tests\Feature\PlanResourceTransportTes…  QueryException   
  SQLSTATE[HY000]: General error: 1364 Field 'user_id' doesn't have a default value (Connection: mysql, Host: mysql, Port: 3306, Database: ogamex-test, SQL: insert into `planets` (`name`, `metal_mine`, `metal_mine_percent`, `solar_plant`, `solar_plant_percent`, `deuterium_synthesizer`, `deuterium_synthesizer_percent`, `crystal_mine`, `crystal_mine_percent`, `crawler_percent`, `planet_type`, `diameter`, `field_max`, `temp_min`, `temp_max`, `metal`, `crystal`, `deuterium`, `fusion_plant`, `destroyed`, `field_current`, `updated_at`, `created_at`) values (FakePlanetName, 0, 10, 0, 10, 0, 10, 0, 10, 10, 1, 300, 155, 82, 89, 0, 0, 0, 0, 0, 0, 2024-01-01 00:00:00, 2024-01-01 00:00:00))

  at vendor/laravel/framework/src/Illuminate/Database/MySqlConnection.php:53
     49▕             $this->bindValues($statement, $this->prepareBindings($bindings));
     50▕ 
     51▕             $this->recordsHaveBeenModified();
     52▕ 
  ➜  53▕             $result = $statement->execute();
     54▕ 
     55▕             $this->lastInsertId = $this->getPdo()->lastInsertId($sequence);
     56▕ 
     57▕             return $result;

      +14 vendor frames 
  15  Modules/AI/tests/Feature/PlanResourceTransportTest.php:42
  16  Modules/AI/tests/Feature/PlanResourceTransportTest.php:106


  Tests:    6 failed (0 assertions)
  Duration: 0.99s