WaveFarmPlannerTest: [90mTests:[39m    [31;1m6 failed[39;22m[90m (0 assertions)[39m

ior/wave_farming.php';
    103▕ 
    104▕         return $this->knobs[$key];
    105▕     }
    106▕ }

  1   Modules/AI/app/Domain/Decision/WaveFarmPlanner.php:102
  2   Modules/AI/app/Domain/Decision/WaveFarmPlanner.php:70

  ────────────────────────────────────────────────────────────────────────────  
   FAILED  Modules\AI\tests\Feature\WaveFarmPlannerTest > it…  ErrorException   
  require(/var/www/Modules/AI/resources/behavior/wave_farming.php): Failed to open stream: No such file or directory

  at Modules/AI/app/Domain/Decision/WaveFarmPlanner.php:102
     98▕     }
     99▕ 
    100▕     private function knob(string $key): int
    101▕     {
  ➜ 102▕         $this->knobs ??= require dirname(__DIR__, 3) . '/resources/behavior/wave_farming.php';
    103▕ 
    104▕         return $this->knobs[$key];
    105▕     }
    106▕ }

  1   Modules/AI/app/Domain/Decision/WaveFarmPlanner.php:102
  2   Modules/AI/app/Domain/Decision/WaveFarmPlanner.php:70

  ────────────────────────────────────────────────────────────────────────────  
   FAILED  Modules\AI\tests\Feature\WaveFarmPlannerTest > it…  ErrorException   
  require(/var/www/Modules/AI/resources/behavior/wave_farming.php): Failed to open stream: No such file or directory

  at Modules/AI/app/Domain/Decision/WaveFarmPlanner.php:102
     98▕     }
     99▕ 
    100▕     private function knob(string $key): int
    101▕     {
  ➜ 102▕         $this->knobs ??= require dirname(__DIR__, 3) . '/resources/behavior/wave_farming.php';
    103▕ 
    104▕         return $this->knobs[$key];
    105▕     }
    106▕ }

  1   Modules/AI/app/Domain/Decision/WaveFarmPlanner.php:102
  2   Modules/AI/app/Domain/Decision/WaveFarmPlanner.php:70

  ────────────────────────────────────────────────────────────────────────────  
   FAILED  Modules\AI\tests\Feature\WaveFarmPlannerTest > it…  ErrorException   
  require(/var/www/Modules/AI/resources/behavior/wave_farming.php): Failed to open stream: No such file or directory

  at Modules/AI/app/Domain/Decision/WaveFarmPlanner.php:102
     98▕     }
     99▕ 
    100▕     private function knob(string $key): int
    101▕     {
  ➜ 102▕         $this->knobs ??= require dirname(__DIR__, 3) . '/resources/behavior/wave_farming.php';
    103▕ 
    104▕         return $this->knobs[$key];
    105▕     }
    106▕ }

  1   Modules/AI/app/Domain/Decision/WaveFarmPlanner.php:102
  2   Modules/AI/app/Domain/Decision/WaveFarmPlanner.php:70


  Tests:    6 failed (0 assertions)
  Duration: 1.07s

These files from your answer were refused and NOT written:
- resources/behavior/wave_farming.php (data must be YAML or JSON so a modder can edit it without code)