GuardConstructionQueueTest: [90mTests:[39m    [31;1m6 failed[39;22m[90m (0 assertions)[39m

/Feature/GuardConstructionQueueTest.php:86

  ────────────────────────────────────────────────────────────────────────────  
   FAILED  Modules\AI\tests\Feature\GuardConstructionQueueTest > it c…  Error   
  Class "Modules\AI\Enums\ConstructionQueueState" not found

  at Modules/AI/app/Actions/GuardConstructionQueue.php:21
     17▕ 
     18▕     public function __invoke(?array $snapshot, int $buildingId): ConstructionQueueState
     19▕     {
     20▕         if (! $this->reportsFreeSlot($snapshot)) {
  ➜  21▕             return ConstructionQueueState::Unknown;
     22▕         }
     23▕ 
     24▕         return app(QueueAiBuildingAction::class)($buildingId, ConstructionQueueState::Free);
     25▕     }

  1   Modules/AI/app/Actions/GuardConstructionQueue.php:21
  2   Modules/AI/tests/Feature/GuardConstructionQueueTest.php:96

  ────────────────────────────────────────────────────────────────────────────  
   FAILED  Modules\AI\tests\Feature\GuardConstructionQueueTest > it c…  Error   
  Class "Modules\AI\Enums\ConstructionQueueState" not found

  at Modules/AI/app/Actions/GuardConstructionQueue.php:24
     20▕         if (! $this->reportsFreeSlot($snapshot)) {
     21▕             return ConstructionQueueState::Unknown;
     22▕         }
     23▕ 
  ➜  24▕         return app(QueueAiBuildingAction::class)($buildingId, ConstructionQueueState::Free);
     25▕     }
     26▕ 
     27▕     /**
     28▕      * The snapshot is the only source of truth: the free slot count is read from it and is

  1   Modules/AI/app/Actions/GuardConstructionQueue.php:24
  2   Modules/AI/tests/Feature/GuardConstructionQueueTest.php:106

  ────────────────────────────────────────────────────────────────────────────  
   FAILED  Modules\AI\tests\Feature\GuardConstructionQueueTest > it c…  Error   
  Class "Modules\AI\Enums\ConstructionQueueState" not found

  at Modules/AI/app/Actions/GuardConstructionQueue.php:24
     20▕         if (! $this->reportsFreeSlot($snapshot)) {
     21▕             return ConstructionQueueState::Unknown;
     22▕         }
     23▕ 
  ➜  24▕         return app(QueueAiBuildingAction::class)($buildingId, ConstructionQueueState::Free);
     25▕     }
     26▕ 
     27▕     /**
     28▕      * The snapshot is the only source of truth: the free slot count is read from it and is

  1   Modules/AI/app/Actions/GuardConstructionQueue.php:24
  2   Modules/AI/tests/Feature/GuardConstructionQueueTest.php:117


  Tests:    6 failed (0 assertions)
  Duration: 1.01s