AiSituationProtectionBandTest: [90mTests:[39m    [31;1m5 failed[39;22m[90m,[39m[39m [39m[32;1m1 passed[39;22m[90m (2 assertions)[39m

erability/AiSituationOverview.php:76
  2   Modules/AI/app/Domain/Operability/AiSituationOverview.php:62

  ────────────────────────────────────────────────────────────────────────────  
   FAILED  Modules\AI\tests\Feature\AiSituationProtectionBan…  ErrorException   
  require(/var/www/Modules/AI/resources/behavior/newbie_protection.php): Failed to open stream: No such file or directory

  at Modules/AI/app/Domain/Operability/AiSituationOverview.php:76
     72▕      * @return list<array{max_points: int, label: string, ratio: string}>
     73▕      */
     74▕     private static function protectionBands(): array
     75▕     {
  ➜  76▕         return require dirname(__DIR__, 3) . self::PROTECTION_BANDS;
     77▕     }
     78▕ }
     79▕

  1   Modules/AI/app/Domain/Operability/AiSituationOverview.php:76
  2   Modules/AI/app/Domain/Operability/AiSituationOverview.php:62

  ────────────────────────────────────────────────────────────────────────────  
   FAILED  Modules\AI\tests\Feature\AiSituationProtectionBan…  ErrorException   
  require(/var/www/Modules/AI/resources/behavior/newbie_protection.php): Failed to open stream: No such file or directory

  at Modules/AI/app/Domain/Operability/AiSituationOverview.php:76
     72▕      * @return list<array{max_points: int, label: string, ratio: string}>
     73▕      */
     74▕     private static function protectionBands(): array
     75▕     {
  ➜  76▕         return require dirname(__DIR__, 3) . self::PROTECTION_BANDS;
     77▕     }
     78▕ }
     79▕

  1   Modules/AI/app/Domain/Operability/AiSituationOverview.php:76
  2   Modules/AI/app/Domain/Operability/AiSituationOverview.php:62

  ────────────────────────────────────────────────────────────────────────────  
   FAILED  Modules\AI\tests\Feature\AiSituationProtectionBan…  ErrorException   
  require(/var/www/Modules/AI/resources/behavior/newbie_protection.php): Failed to open stream: No such file or directory

  at Modules/AI/app/Domain/Operability/AiSituationOverview.php:76
     72▕      * @return list<array{max_points: int, label: string, ratio: string}>
     73▕      */
     74▕     private static function protectionBands(): array
     75▕     {
  ➜  76▕         return require dirname(__DIR__, 3) . self::PROTECTION_BANDS;
     77▕     }
     78▕ }
     79▕

  1   Modules/AI/app/Domain/Operability/AiSituationOverview.php:76
  2   Modules/AI/app/Domain/Operability/AiSituationOverview.php:62


  Tests:    5 failed, 1 passed (2 assertions)
  Duration: 1.11s