MovableFleetFuelCostTest: [90mTests:[39m    [31;1m8 failed[39;22m[90m (0 assertions)[39m

ources/behavior/fleet/fuel.php';
     60▕     }
     61▕ }
     62▕

  1   Modules/AI/app/Domain/Decision/MovableFleet.php:59
  2   Modules/AI/app/Domain/Decision/MovableFleet.php:46

  ────────────────────────────────────────────────────────────────────────────  
   FAILED  Modules\AI\tests\Feature\MovableFleetFuelCostTest…  ErrorException   
  require(/var/www/Modules/AI/resources/behavior/fleet/fuel.php): Failed to open stream: No such file or directory

  at Modules/AI/app/Domain/Decision/MovableFleet.php:59
     55▕      * @return array{base_term: int, distance_divisor: int, speed_divisor: int}
     56▕      */
     57▕     private static function fuelRules(): array
     58▕     {
  ➜  59▕         return require dirname(__DIR__, 3) . '/resources/behavior/fleet/fuel.php';
     60▕     }
     61▕ }
     62▕

  1   Modules/AI/app/Domain/Decision/MovableFleet.php:59
  2   Modules/AI/app/Domain/Decision/MovableFleet.php:46

  ────────────────────────────────────────────────────────────────────────────  
   FAILED  Modules\AI\tests\Feature\MovableFleetFuelCostTest…  ErrorException   
  require(/var/www/Modules/AI/resources/behavior/fleet/fuel.php): Failed to open stream: No such file or directory

  at Modules/AI/app/Domain/Decision/MovableFleet.php:59
     55▕      * @return array{base_term: int, distance_divisor: int, speed_divisor: int}
     56▕      */
     57▕     private static function fuelRules(): array
     58▕     {
  ➜  59▕         return require dirname(__DIR__, 3) . '/resources/behavior/fleet/fuel.php';
     60▕     }
     61▕ }
     62▕

  1   Modules/AI/app/Domain/Decision/MovableFleet.php:59
  2   Modules/AI/app/Domain/Decision/MovableFleet.php:46

  ────────────────────────────────────────────────────────────────────────────  
   FAILED  Modules\AI\tests\Feature\MovableFleetFuelCostTest…  ErrorException   
  require(/var/www/Modules/AI/resources/behavior/fleet/fuel.php): Failed to open stream: No such file or directory

  at Modules/AI/app/Domain/Decision/MovableFleet.php:59
     55▕      * @return array{base_term: int, distance_divisor: int, speed_divisor: int}
     56▕      */
     57▕     private static function fuelRules(): array
     58▕     {
  ➜  59▕         return require dirname(__DIR__, 3) . '/resources/behavior/fleet/fuel.php';
     60▕     }
     61▕ }
     62▕

  1   Modules/AI/app/Domain/Decision/MovableFleet.php:59
  2   Modules/AI/app/Domain/Decision/MovableFleet.php:46


  Tests:    8 failed (0 assertions)
  Duration: 1.11s

These files from your answer were refused and NOT written:
- resources/behavior/fleet/fuel.php (data must be YAML or JSON so a modder can edit it without code)