FodderHeavyDefenseDoctrineTest: [90mTests:[39m    [31;1m7 failed[39;22m[90m (0 assertions)[39m

octrine/Defence/IonCannonShieldFodder.php:93

  ────────────────────────────────────────────────────────────────────────────  
   FAILED  Modules\AI\tests\Feature\FodderHeavyDefenseDoct…  RuntimeException   
  Missing behaviour data file: resources/behavior/ion_cannon_shield_fodder.php

  at Modules/AI/app/Ai/Doctrine/Defence/IonCannonShieldFodder.php:107
    103▕                 return $candidate;
    104▕             }
    105▕         }
    106▕ 
  ➜ 107▕         throw new RuntimeException('Missing behaviour data file: ' . self::BEHAVIOR_FILE);
    108▕     }
    109▕ 
    110▕     /**
    111▕      * The shared behaviour files sit at the application root, while a host install may keep them

  1   Modules/AI/app/Ai/Doctrine/Defence/IonCannonShieldFodder.php:107
  2   Modules/AI/app/Ai/Doctrine/Defence/IonCannonShieldFodder.php:93

  ────────────────────────────────────────────────────────────────────────────  
   FAILED  Modules\AI\tests\Feature\FodderHeavyDefenseDoct…  RuntimeException   
  Missing behaviour data file: resources/behavior/ion_cannon_shield_fodder.php

  at Modules/AI/app/Ai/Doctrine/Defence/IonCannonShieldFodder.php:107
    103▕                 return $candidate;
    104▕             }
    105▕         }
    106▕ 
  ➜ 107▕         throw new RuntimeException('Missing behaviour data file: ' . self::BEHAVIOR_FILE);
    108▕     }
    109▕ 
    110▕     /**
    111▕      * The shared behaviour files sit at the application root, while a host install may keep them

  1   Modules/AI/app/Ai/Doctrine/Defence/IonCannonShieldFodder.php:107
  2   Modules/AI/app/Ai/Doctrine/Defence/IonCannonShieldFodder.php:93

  ────────────────────────────────────────────────────────────────────────────  
   FAILED  Modules\AI\tests\Feature\FodderHeavyDefenseDoct…  RuntimeException   
  Missing behaviour data file: resources/behavior/ion_cannon_shield_fodder.php

  at Modules/AI/app/Ai/Doctrine/Defence/IonCannonShieldFodder.php:107
    103▕                 return $candidate;
    104▕             }
    105▕         }
    106▕ 
  ➜ 107▕         throw new RuntimeException('Missing behaviour data file: ' . self::BEHAVIOR_FILE);
    108▕     }
    109▕ 
    110▕     /**
    111▕      * The shared behaviour files sit at the application root, while a host install may keep them

  1   Modules/AI/app/Ai/Doctrine/Defence/IonCannonShieldFodder.php:107
  2   Modules/AI/app/Ai/Doctrine/Defence/IonCannonShieldFodder.php:93


  Tests:    7 failed (0 assertions)
  Duration: 1.08s