DiscovererClassNeutralPlanningTest: [90mTests:[39m    [31;1m2 failed[39;22m[90m (0 assertions)[39m

FAIL  Modules\AI\tests\Feature\DiscovererClassNeutralPlanningTest
  ⨯ it queues the same research for a Discoverer account and a classles… 0.37s  
  ⨯ it seeds the same colonies for a Discoverer account and a classless… 0.06s  
  ────────────────────────────────────────────────────────────────────────────  
   FAILED  Modules\AI\tests\Feature\DiscovererClassN…  BadMethodCallException   
  Call to undefined method Modules\AI\Models\AiProfile::factory()

  at vendor/laravel/framework/src/Illuminate/Support/Traits/ForwardsCalls.php:67
     63▕      * @throws \BadMethodCallException
     64▕      */
     65▕     protected static function throwBadMethodCallException($method)
     66▕     {
  ➜  67▕         throw new BadMethodCallException(sprintf(
     68▕             'Call to undefined method %s::%s()', static::class, $method
     69▕         ));
     70▕     }
     71▕ }

      +4 vendor frames 
  5   Modules/AI/tests/Feature/DiscovererClassNeutralPlanningTest.php:68
  6   Modules/AI/tests/Feature/DiscovererClassNeutralPlanningTest.php:90

  ────────────────────────────────────────────────────────────────────────────  
   FAILED  Modules\AI\tests\Feature\DiscovererClassN…  BadMethodCallException   
  Call to undefined method Modules\AI\Models\AiProfile::factory()

  at vendor/laravel/framework/src/Illuminate/Support/Traits/ForwardsCalls.php:67
     63▕      * @throws \BadMethodCallException
     64▕      */
     65▕     protected static function throwBadMethodCallException($method)
     66▕     {
  ➜  67▕         throw new BadMethodCallException(sprintf(
     68▕             'Call to undefined method %s::%s()', static::class, $method
     69▕         ));
     70▕     }
     71▕ }

      +4 vendor frames 
  5   Modules/AI/tests/Feature/DiscovererClassNeutralPlanningTest.php:68
  6   Modules/AI/tests/Feature/DiscovererClassNeutralPlanningTest.php:100


  Tests:    2 failed (0 assertions)
  Duration: 0.85s