MarketplaceRatioDocumentedScenarioTest: [90mTests:[39m    [31;1m1 failed[39;22m[90m,[39m[39m [39m[32;1m10 passed[39;22m[90m (22 assertions)[39m

FAIL  Modules\AI\tests\Feature\MarketplaceRatioDocumentedScenarioTest
  ✓ it trades by the ratio, offer band and readjust period the behaviou… 0.38s  
  ✓ it accepts offers inside the offer band and rejects offers past it…  0.05s  
  ✓ it accepts offers inside the offer band and rejects offers past it…  0.05s  
  ✓ it accepts offers inside the offer band and rejects offers past it…  0.05s  
  ✓ it accepts offers inside the offer band and rejects offers past it…  0.05s  
  ✓ it accepts offers inside the offer band and rejects offers past it…  0.05s  
  ✓ it accepts offers inside the offer band and rejects offers past it…  0.05s  
  ✓ it accepts offers inside the offer band and rejects offers past it…  0.05s  
  ✓ it holds an offer to the offer band, not to the wider server adjust… 0.05s  
  ⨯ it prices an offer against the ratio the server is running now       0.07s  
  ✓ it reads the ratio and the offer band from the behaviour file rathe… 0.05s  
  ────────────────────────────────────────────────────────────────────────────  
   FAILED  Modules\AI\tests\Feature\MarketplaceRatioDocumentedScenarioTest >…   
  Failed asserting that two variables reference the same object.
  -Modules\AI\Enums\MarketOfferVerdict Enum #18767 (Reject, 'reject')
  +Modules\AI\Enums\MarketOfferVerdict Enum #18768 (Accept, 'accept')
  

  at Modules/AI/tests/Feature/MarketplaceRatioDocumentedScenarioTest.php:101
     97▕     $shiftedRatio['metal'] = $shiftedRatio['metal'] * (1.0 - $policy->adjustmentPercent() / 100.0);
     98▕ 
     99▕     // The same offer is a loss against the shifted ratio and a bargain against the standard one.
    100▕     expect(evaluateMarketplaceShift(0.0, $shiftedRatio))->toBe(MarketOfferVerdict::Accept)
  ➜ 101▕         ->and(evaluateMarketplaceShift(0.0))->toBe(MarketOfferVerdict::Reject);
    102▕ });
    103▕ 
    104▕ it('reads the ratio and the offer band from the behaviour file rather than from PHP', function () {
    105▕     $document = <<<YAML

  1   Modules/AI/tests/Feature/MarketplaceRatioDocumentedScenarioTest.php:101


  Tests:    1 failed, 10 passed (22 assertions)
  Duration: 1.40s