ResearchCostCalculatorTest: [90mTests:[39m    [31;1m6 failed[39;22m[90m,[39m[39m [39m[32;1m1 passed[39;22m[90m (3 assertions)[39m

chCostCalculator.php:93
     89▕      * }
     90▕      */
     91▕     private function behavior(): array
     92▕     {
  ➜  93▕         return self::$behavior ??= require dirname(__DIR__, 2) . self::BEHAVIOR_FILE;
     94▕     }
     95▕ }
     96▕

  1   Modules/AI/app/Support/ResearchCostCalculator.php:93
  2   Modules/AI/app/Support/ResearchCostCalculator.php:71

  ────────────────────────────────────────────────────────────────────────────  
   FAILED  Modules\AI\tests\Feature\ResearchCostCalculatorTe…  ErrorException   
  require(/var/www/Modules/AI/resources/behavior/research_costs.php): Failed to open stream: No such file or directory

  at Modules/AI/app/Support/ResearchCostCalculator.php:93
     89▕      * }
     90▕      */
     91▕     private function behavior(): array
     92▕     {
  ➜  93▕         return self::$behavior ??= require dirname(__DIR__, 2) . self::BEHAVIOR_FILE;
     94▕     }
     95▕ }
     96▕

  1   Modules/AI/app/Support/ResearchCostCalculator.php:93
  2   Modules/AI/app/Support/ResearchCostCalculator.php:71

  ────────────────────────────────────────────────────────────────────────────  
   FAILED  Modules\AI\tests\Feature\ResearchCostCalculatorTe…  ErrorException   
  require(/var/www/Modules/AI/resources/behavior/research_costs.php): Failed to open stream: No such file or directory

  at Modules/AI/app/Support/ResearchCostCalculator.php:93
     89▕      * }
     90▕      */
     91▕     private function behavior(): array
     92▕     {
  ➜  93▕         return self::$behavior ??= require dirname(__DIR__, 2) . self::BEHAVIOR_FILE;
     94▕     }
     95▕ }
     96▕

  1   Modules/AI/app/Support/ResearchCostCalculator.php:93
  2   Modules/AI/app/Support/ResearchCostCalculator.php:65

  ────────────────────────────────────────────────────────────────────────────  
   FAILED  Modules\AI\tests\Feature\ResearchCostCalculatorTe…  ErrorException   
  require(/var/www/Modules/AI/resources/behavior/research_costs.php): Failed to open stream: No such file or directory

  at Modules/AI/app/Support/ResearchCostCalculator.php:93
     89▕      * }
     90▕      */
     91▕     private function behavior(): array
     92▕     {
  ➜  93▕         return self::$behavior ??= require dirname(__DIR__, 2) . self::BEHAVIOR_FILE;
     94▕     }
     95▕ }
     96▕

  1   Modules/AI/app/Support/ResearchCostCalculator.php:93
  2   Modules/AI/app/Support/ResearchCostCalculator.php:65


  Tests:    6 failed, 1 passed (3 assertions)
  Duration: 1.16s

These files from your answer were refused and NOT written:
- resources/behavior/research_costs.php (data must be YAML or JSON so a modder can edit it without code)