DefenseNeedEvaluatorTest: [90mTests:[39m    [31;1m5 failed[39;22m[90m,[39m[39m [39m[32;1m14 passed[39;22m[90m (46 assertions)[39m

gs and stations, not: rocket_launcher

  at app/Services/PlanetService.php:1785
    1781▕     {
    1782▕         $object = ObjectService::getObjectById($object_id);
    1783▕ 
    1784▕         if ($object->type !== GameObjectType::Building && $object->type !== GameObjectType::Station) {
  ➜ 1785▕             throw new RuntimeException('setObjectLevel() can only be used for buildings and stations, not: ' . $object->machine_name);
    1786▕         }
    1787▕ 
    1788▕         $this->planet->{$object->machine_name} = $level;
    1789▕         if ($save_planet) {

  1   app/Services/PlanetService.php:1785
  2   tests/Traits/ManagesPlanetState.php:61

  ────────────────────────────────────────────────────────────────────────────  
   FAILED  Modules\AI\tests\Feature\DefenseNeedEvaluatorTe…  RuntimeException   
  defence-doctrines: "Light Laser" is not a defence unit the host defines.

  at Modules/AI/app/Domain/Decision/DefenseCompositionPlanner.php:223
    219▕      * @param  array<string, UnitObject>  $defenceObjects
    220▕      */
    221▕     private function resolveUnit(string $machineName, array $defenceObjects): UnitObject
    222▕     {
  ➜ 223▕         return $defenceObjects[$machineName] ?? throw new RuntimeException(
    224▕             sprintf('defence-doctrines: "%s" is not a defence unit the host defines.', $machineName)
    225▕         );
    226▕     }
    227▕

  1   Modules/AI/app/Domain/Decision/DefenseCompositionPlanner.php:223
  2   Modules/AI/app/Domain/Decision/DefenseCompositionPlanner.php:71

  ────────────────────────────────────────────────────────────────────────────  
   FAILED  Modules\AI\tests\Feature\DefenseNeedEvaluatorTe…  RuntimeException   
  defence-doctrines: "Light Laser" is not a defence unit the host defines.

  at Modules/AI/app/Domain/Decision/DefenseCompositionPlanner.php:223
    219▕      * @param  array<string, UnitObject>  $defenceObjects
    220▕      */
    221▕     private function resolveUnit(string $machineName, array $defenceObjects): UnitObject
    222▕     {
  ➜ 223▕         return $defenceObjects[$machineName] ?? throw new RuntimeException(
    224▕             sprintf('defence-doctrines: "%s" is not a defence unit the host defines.', $machineName)
    225▕         );
    226▕     }
    227▕

  1   Modules/AI/app/Domain/Decision/DefenseCompositionPlanner.php:223
  2   Modules/AI/app/Domain/Decision/DefenseCompositionPlanner.php:71


  Tests:    5 failed, 14 passed (46 assertions)
  Duration: 2.06s