CollectorCrawlerBonusCalculatorTest: [90mTests:[39m    [31;1m5 failed[39;22m[90m,[39m[39m [39m[32;1m1 passed[39;22m[90m (2 assertions)[39m

lf::BEHAVIOR_FILE;
     60▕     }
     61▕ }
     62▕

  1   Modules/AI/app/Support/CollectorCrawlerBonusCalculator.php:59
  2   Modules/AI/app/Support/CollectorCrawlerBonusCalculator.php:22

  ────────────────────────────────────────────────────────────────────────────  
   FAILED  Modules\AI\tests\Feature\CollectorCrawlerBonusCal…  ErrorException   
  require(/var/www/Modules/AI/resources/behavior/collector_crawler_bonus.php): Failed to open stream: No such file or directory

  at Modules/AI/app/Support/CollectorCrawlerBonusCalculator.php:59
     55▕ 
     56▕     /** @return array<string, float> */
     57▕     private function behavior(): array
     58▕     {
  ➜  59▕         return $this->behavior ??= require dirname(__DIR__, 2) . self::BEHAVIOR_FILE;
     60▕     }
     61▕ }
     62▕

  1   Modules/AI/app/Support/CollectorCrawlerBonusCalculator.php:59
  2   Modules/AI/app/Support/CollectorCrawlerBonusCalculator.php:22

  ────────────────────────────────────────────────────────────────────────────  
   FAILED  Modules\AI\tests\Feature\CollectorCrawlerBonusCal…  ErrorException   
  require(/var/www/Modules/AI/resources/behavior/collector_crawler_bonus.php): Failed to open stream: No such file or directory

  at Modules/AI/app/Support/CollectorCrawlerBonusCalculator.php:59
     55▕ 
     56▕     /** @return array<string, float> */
     57▕     private function behavior(): array
     58▕     {
  ➜  59▕         return $this->behavior ??= require dirname(__DIR__, 2) . self::BEHAVIOR_FILE;
     60▕     }
     61▕ }
     62▕

  1   Modules/AI/app/Support/CollectorCrawlerBonusCalculator.php:59
  2   Modules/AI/app/Support/CollectorCrawlerBonusCalculator.php:22

  ────────────────────────────────────────────────────────────────────────────  
   FAILED  Modules\AI\tests\Feature\CollectorCrawlerBonusCal…  ErrorException   
  require(/var/www/Modules/AI/resources/behavior/collector_crawler_bonus.php): Failed to open stream: No such file or directory

  at Modules/AI/app/Support/CollectorCrawlerBonusCalculator.php:59
     55▕ 
     56▕     /** @return array<string, float> */
     57▕     private function behavior(): array
     58▕     {
  ➜  59▕         return $this->behavior ??= require dirname(__DIR__, 2) . self::BEHAVIOR_FILE;
     60▕     }
     61▕ }
     62▕

  1   Modules/AI/app/Support/CollectorCrawlerBonusCalculator.php:59
  2   Modules/AI/app/Support/CollectorCrawlerBonusCalculator.php:48


  Tests:    5 failed, 1 passed (2 assertions)
  Duration: 1.11s