StrategyClaimIntakeTest: [90mTests:[39m    [31;1m2 failed[39;22m[90m (0 assertions)[39m

FAIL  Modules\AI\tests\Feature\Ai\StrategyClaimIntakeTest
  ⨯ it changes nothing on the account when a claim carries no numbers a… 0.38s  
  ⨯ it records no AI opinion for a claim with no numbers and no doctrin… 0.06s  
  ────────────────────────────────────────────────────────────────────────────  
   FAILED  Modules\AI\tests\Feature\Ai\StrategyClaimIntakeTest >…   TypeError   
  Modules\AI\Actions\RunAiSessionAction::handle(): Argument #1 ($profile) must be of type Modules\AI\Models\AiProfile, int given, called in /var/www/Modules/AI/tests/Feature/Ai/StrategyClaimIntakeTest.php on line 66

  at Modules/AI/app/Actions/RunAiSessionAction.php:32
     28▕         private PlayerGameStateService $playerGameStateService,
     29▕     ) {
     30▕     }
     31▕ 
  ➜  32▕     public function handle(AiProfile $profile, AiWorkItem $workItem): void
     33▕     {
     34▕         // Scheduled actors have no HTTP page load to advance completed host queues. Use the host
     35▕         // seam without stamping activity when the session later decides to do nothing.
     36▕         if (User::query()->whereKey($profile->player_id)->exists()) {

  1   Modules/AI/app/Actions/RunAiSessionAction.php:32
  2   Modules/AI/tests/Feature/Ai/StrategyClaimIntakeTest.php:66

  ────────────────────────────────────────────────────────────────────────────  
   FAILED  Modules\AI\tests\Feature\Ai\StrategyClaimIntakeTest >…   TypeError   
  Modules\AI\Actions\RunAiSessionAction::handle(): Argument #1 ($profile) must be of type Modules\AI\Models\AiProfile, int given, called in /var/www/Modules/AI/tests/Feature/Ai/StrategyClaimIntakeTest.php on line 85

  at Modules/AI/app/Actions/RunAiSessionAction.php:32
     28▕         private PlayerGameStateService $playerGameStateService,
     29▕     ) {
     30▕     }
     31▕ 
  ➜  32▕     public function handle(AiProfile $profile, AiWorkItem $workItem): void
     33▕     {
     34▕         // Scheduled actors have no HTTP page load to advance completed host queues. Use the host
     35▕         // seam without stamping activity when the session later decides to do nothing.
     36▕         if (User::query()->whereKey($profile->player_id)->exists()) {

  1   Modules/AI/app/Actions/RunAiSessionAction.php:32
  2   Modules/AI/tests/Feature/Ai/StrategyClaimIntakeTest.php:85


  Tests:    2 failed (0 assertions)
  Duration: 0.85s