BuildTimeCalculatorTest: [90mTests:[39m    [31;1m13 failed[39;22m[90m (0 assertions)[39m

tor.php:44

  ────────────────────────────────────────────────────────────────────────────  
   FAILED  Modules\AI\tests\Feature\BuildTimeCalculatorTes…  RuntimeException   
  Missing AI build time behaviour data: /var/www/Modules/AI/resources/behavior/build_time.php

  at Modules/AI/app/Support/BuildTimeCalculator.php:60
     56▕     {
     57▕         $path = dirname(__DIR__, 2) . self::BEHAVIOR_PATH;
     58▕ 
     59▕         if (! is_file($path)) {
  ➜  60▕             throw new RuntimeException('Missing AI build time behaviour data: ' . $path);
     61▕         }
     62▕ 
     63▕         /** @var array<string, array<string, int|float>> $behavior */
     64▕         $behavior = require $path;

  1   Modules/AI/app/Support/BuildTimeCalculator.php:60
  2   Modules/AI/app/Support/BuildTimeCalculator.php:44

  ────────────────────────────────────────────────────────────────────────────  
   FAILED  Modules\AI\tests\Feature\BuildTimeCalculatorTes…  RuntimeException   
  Missing AI build time behaviour data: /var/www/Modules/AI/resources/behavior/build_time.php

  at Modules/AI/app/Support/BuildTimeCalculator.php:60
     56▕     {
     57▕         $path = dirname(__DIR__, 2) . self::BEHAVIOR_PATH;
     58▕ 
     59▕         if (! is_file($path)) {
  ➜  60▕             throw new RuntimeException('Missing AI build time behaviour data: ' . $path);
     61▕         }
     62▕ 
     63▕         /** @var array<string, array<string, int|float>> $behavior */
     64▕         $behavior = require $path;

  1   Modules/AI/app/Support/BuildTimeCalculator.php:60
  2   Modules/AI/app/Support/BuildTimeCalculator.php:44

  ────────────────────────────────────────────────────────────────────────────  
   FAILED  Modules\AI\tests\Feature\BuildTimeCalculatorTes…  RuntimeException   
  Missing AI build time behaviour data: /var/www/Modules/AI/resources/behavior/build_time.php

  at Modules/AI/app/Support/BuildTimeCalculator.php:60
     56▕     {
     57▕         $path = dirname(__DIR__, 2) . self::BEHAVIOR_PATH;
     58▕ 
     59▕         if (! is_file($path)) {
  ➜  60▕             throw new RuntimeException('Missing AI build time behaviour data: ' . $path);
     61▕         }
     62▕ 
     63▕         /** @var array<string, array<string, int|float>> $behavior */
     64▕         $behavior = require $path;

  1   Modules/AI/app/Support/BuildTimeCalculator.php:60
  2   Modules/AI/app/Support/BuildTimeCalculator.php:44


  Tests:    13 failed (0 assertions)
  Duration: 1.55s

These files from your answer were refused and NOT written:
- resources/behavior/build_time.php (data must be YAML or JSON so a modder can edit it without code)