DefMinerStanceTest: [90mTests:[39m    [31;1m4 failed[39;22m[90m (0 assertions)[39m

ReflectionException $e) {
    1149▕             throw new BindingResolutionException("Target class [$concrete] does not exist.", 0, $e);
    1150▕         }
    1151▕

      +6 vendor frames 
  7   Modules/AI/tests/Feature/Ai/DefMinerStanceTest.php:10

  ────────────────────────────────────────────────────────────────────────────  
   FAILED  Modules\AI\tests\Feature\Ai\DefMinerS…  BindingResolutionException   
  Target class [Modules\AI\Doctrine\DefMinerStance] does not exist.

  at vendor/laravel/framework/src/Illuminate/Container/Container.php:1147
    1143▕             }
    1144▕         }
    1145▕ 
    1146▕         try {
  ➜ 1147▕             $reflector = new ReflectionClass($concrete);
    1148▕         } catch (ReflectionException $e) {
    1149▕             throw new BindingResolutionException("Target class [$concrete] does not exist.", 0, $e);
    1150▕         }
    1151▕

      +6 vendor frames 
  7   Modules/AI/tests/Feature/Ai/DefMinerStanceTest.php:18

  ────────────────────────────────────────────────────────────────────────────  
   FAILED  Modules\AI\tests\Feature\Ai\DefMinerS…  BindingResolutionException   
  Target class [Modules\AI\Doctrine\DefMinerStance] does not exist.

  at vendor/laravel/framework/src/Illuminate/Container/Container.php:1147
    1143▕             }
    1144▕         }
    1145▕ 
    1146▕         try {
  ➜ 1147▕             $reflector = new ReflectionClass($concrete);
    1148▕         } catch (ReflectionException $e) {
    1149▕             throw new BindingResolutionException("Target class [$concrete] does not exist.", 0, $e);
    1150▕         }
    1151▕

      +6 vendor frames 
  7   Modules/AI/tests/Feature/Ai/DefMinerStanceTest.php:26

  ────────────────────────────────────────────────────────────────────────────  
   FAILED  Modules\AI\tests\Feature\Ai\DefMinerS…  BindingResolutionException   
  Target class [Modules\AI\Doctrine\DefMinerStance] does not exist.

  at vendor/laravel/framework/src/Illuminate/Container/Container.php:1147
    1143▕             }
    1144▕         }
    1145▕ 
    1146▕         try {
  ➜ 1147▕             $reflector = new ReflectionClass($concrete);
    1148▕         } catch (ReflectionException $e) {
    1149▕             throw new BindingResolutionException("Target class [$concrete] does not exist.", 0, $e);
    1150▕         }
    1151▕

      +6 vendor frames 
  7   Modules/AI/tests/Feature/Ai/DefMinerStanceTest.php:37


  Tests:    4 failed (0 assertions)
  Duration: 0.75s