AllianceAcademyTierTest: [90mTests:[39m    [31;1m3 failed[39;22m[90m (0 assertions)[39m

\AllianceAcademyTierTest
  ⨯ it excludes an academy-tier member from main-alliance intel sharing  0.44s  
  ⨯ it includes a main-alliance member in intel sharing                  0.06s  
  ⨯ it refuses the espionage task to a branch that is not oriented to e… 0.07s  
  ────────────────────────────────────────────────────────────────────────────  
   FAILED  Modules\AI\tests\Feature\Ai\AllianceAcademyTier…  RuntimeException   
  Scenario file not found: alliance_academy_tier

  at Modules/AI/app/Actions/ReplayAiScenarioAction.php:135
    131▕      */
    132▕     private function load(string $path): array
    133▕     {
    134▕         if (!is_file($path)) {
  ➜ 135▕             throw new RuntimeException('Scenario file not found: ' . $path);
    136▕         }
    137▕ 
    138▕         $decoded = json_decode((string) file_get_contents($path), true);
    139▕

  1   Modules/AI/app/Actions/ReplayAiScenarioAction.php:135
  2   Modules/AI/app/Actions/ReplayAiScenarioAction.php:67

  ────────────────────────────────────────────────────────────────────────────  
   FAILED  Modules\AI\tests\Feature\Ai\AllianceAcademyTier…  RuntimeException   
  Scenario file not found: alliance_academy_tier

  at Modules/AI/app/Actions/ReplayAiScenarioAction.php:135
    131▕      */
    132▕     private function load(string $path): array
    133▕     {
    134▕         if (!is_file($path)) {
  ➜ 135▕             throw new RuntimeException('Scenario file not found: ' . $path);
    136▕         }
    137▕ 
    138▕         $decoded = json_decode((string) file_get_contents($path), true);
    139▕

  1   Modules/AI/app/Actions/ReplayAiScenarioAction.php:135
  2   Modules/AI/app/Actions/ReplayAiScenarioAction.php:67

  ────────────────────────────────────────────────────────────────────────────  
   FAILED  Modules\AI\tests\Feature\Ai\AllianceAcademyTier…  RuntimeException   
  Scenario file not found: alliance_academy_tier

  at Modules/AI/app/Actions/ReplayAiScenarioAction.php:135
    131▕      */
    132▕     private function load(string $path): array
    133▕     {
    134▕         if (!is_file($path)) {
  ➜ 135▕             throw new RuntimeException('Scenario file not found: ' . $path);
    136▕         }
    137▕ 
    138▕         $decoded = json_decode((string) file_get_contents($path), true);
    139▕

  1   Modules/AI/app/Actions/ReplayAiScenarioAction.php:135
  2   Modules/AI/app/Actions/ReplayAiScenarioAction.php:67


  Tests:    3 failed (0 assertions)
  Duration: 1.10s