ClassDmSpendGuardTest: [90mTests:[39m    [31;1m2 failed[39;22m[90m (0 assertions)[39m

FAIL  Modules\AI\tests\Feature\Ai\ClassDmSpendGuardTest
  ⨯ it plans research work and names no class or dark matter cost while class and dark matter facts are unconfirmed
  ⨯ it plans no class selection or dark matter purchase even when the account is rich in dark matter
  ────────────────────────────────────────────────────────────────────────────  
   FAILED  Modules\AI\tests\Feature\Ai\ClassDmSpendGuardTest…  ErrorException   
  Undefined property: P\Modules\AI\tests\Feature\Ai\ClassDmSpendGuardTest::$user

  at Modules/AI/tests/Feature/Ai/ClassDmSpendGuardTest.php:83
     79▕ }
     80▕ 
     81▕ beforeEach(function () {
     82▕     $this->scenario = unconfirmedClassDmScenario();
  ➜  83▕     $this->profile = AiProfile::forceCreate(['user_id' => $this->user->id]);
     84▕ });
     85▕ 
     86▕ it('plans research work and names no class or dark matter cost while class and dark matter facts are unconfirmed', function () {
     87▕     $plan = replayUnconfirmedClassDmScenario($this->profile, $this->scenario);

  ────────────────────────────────────────────────────────────────────────────  
   FAILED  Modules\AI\tests\Feature\Ai\ClassDmSpendGuardTest…  ErrorException   
  Undefined property: P\Modules\AI\tests\Feature\Ai\ClassDmSpendGuardTest::$user

  at Modules/AI/tests/Feature/Ai/ClassDmSpendGuardTest.php:83
     79▕ }
     80▕ 
     81▕ beforeEach(function () {
     82▕     $this->scenario = unconfirmedClassDmScenario();
  ➜  83▕     $this->profile = AiProfile::forceCreate(['user_id' => $this->user->id]);
     84▕ });
     85▕ 
     86▕ it('plans research work and names no class or dark matter cost while class and dark matter facts are unconfirmed', function () {
     87▕     $plan = replayUnconfirmedClassDmScenario($this->profile, $this->scenario);


  Tests:    2 failed (0 assertions)
  Duration: 0.94s