AiResearchCostProgressionTest: [90mTests:[39m    [31;1m6 failed[39;22m[90m (0 assertions)[39m

` = 9151 and `technology_id` = 113) limit 1)

  at vendor/laravel/framework/src/Illuminate/Database/Connection.php:440
    436▕             );
    437▕ 
    438▕             $this->bindValues($statement, $this->prepareBindings($bindings));
    439▕ 
  ➜ 440▕             $statement->execute();
    441▕ 
    442▕             return $statement->fetchAll(...$fetchUsing);
    443▕         });
    444▕     }

      +11 vendor frames 
  12  Modules/AI/tests/Feature/AiResearchCostProgressionTest.php:79
  13  Modules/AI/tests/Feature/AiResearchCostProgressionTest.php:116

  ────────────────────────────────────────────────────────────────────────────  
   FAILED  Modules\AI\tests\Feature\AiResearchCostProgressio…  QueryException   
  SQLSTATE[42S22]: Column not found: 1054 Unknown column 'technology_id' in 'where clause' (Connection: mysql, Host: mysql, Port: 3306, Database: ogamex-test, SQL: select * from `users_tech` where (`user_id` = 9152 and `technology_id` = 113) limit 1)

  at vendor/laravel/framework/src/Illuminate/Database/Connection.php:440
    436▕             );
    437▕ 
    438▕             $this->bindValues($statement, $this->prepareBindings($bindings));
    439▕ 
  ➜ 440▕             $statement->execute();
    441▕ 
    442▕             return $statement->fetchAll(...$fetchUsing);
    443▕         });
    444▕     }

      +11 vendor frames 
  12  Modules/AI/tests/Feature/AiResearchCostProgressionTest.php:79
  13  Modules/AI/tests/Feature/AiResearchCostProgressionTest.php:126

  ────────────────────────────────────────────────────────────────────────────  
   FAILED  Modules\AI\tests\Feature\AiResearchCostProgressio…  QueryException   
  SQLSTATE[42S22]: Column not found: 1054 Unknown column 'technology_id' in 'where clause' (Connection: mysql, Host: mysql, Port: 3306, Database: ogamex-test, SQL: select * from `users_tech` where (`user_id` = 9153 and `technology_id` = 113) limit 1)

  at vendor/laravel/framework/src/Illuminate/Database/Connection.php:440
    436▕             );
    437▕ 
    438▕             $this->bindValues($statement, $this->prepareBindings($bindings));
    439▕ 
  ➜ 440▕             $statement->execute();
    441▕ 
    442▕             return $statement->fetchAll(...$fetchUsing);
    443▕         });
    444▕     }

      +11 vendor frames 
  12  Modules/AI/tests/Feature/AiResearchCostProgressionTest.php:79
  13  Modules/AI/tests/Feature/AiResearchCostProgressionTest.php:135


  Tests:    6 failed (0 assertions)
  Duration: 1.11s

These files from your answer were refused and NOT written:
- resources/behavior/research_cost_progression.php (data must be YAML or JSON so a modder can edit it without code)