UniverseParametersIgnoredTest: [90mTests:[39m    [31;1m3 failed[39;22m[90m (0 assertions)[39m

metersIgnoredTest.php:77
  18  Modules/AI/tests/Feature/UniverseParametersIgnoredTest.php:64

  ────────────────────────────────────────────────────────────────────────────  
   FAILED  Modules\AI\tests\Feature\UniverseParametersIgnore…  QueryException   
  SQLSTATE[HY000]: General error: 1364 Field 'lang' doesn't have a default value (Connection: mysql, Host: mysql, Port: 3306, Database: ogamex-test, SQL: insert into `users` (`username`, `email`, `password`, `updated_at`, `created_at`) values (ai-universe-6abc1a906a205, ai-universe-6abc1a906a207@example.com, $2y$04$Dz/enFwJXmsSZ3mQ43QOx.bUmA8kS9E1MlCkDVU5yY5.DxNZVELZO, 2024-01-01 00:00:00, 2024-01-01 00:00:00))

  at vendor/laravel/framework/src/Illuminate/Database/MySqlConnection.php:53
     49▕             $this->bindValues($statement, $this->prepareBindings($bindings));
     50▕ 
     51▕             $this->recordsHaveBeenModified();
     52▕ 
  ➜  53▕             $result = $statement->execute();
     54▕ 
     55▕             $this->lastInsertId = $this->getPdo()->lastInsertId($sequence);
     56▕ 
     57▕             return $result;

      +16 vendor frames 
  17  Modules/AI/tests/Feature/UniverseParametersIgnoredTest.php:77
  18  Modules/AI/tests/Feature/UniverseParametersIgnoredTest.php:64

  ────────────────────────────────────────────────────────────────────────────  
   FAILED  Modules\AI\tests\Feature\UniverseParametersIgnore…  QueryException   
  SQLSTATE[HY000]: General error: 1364 Field 'lang' doesn't have a default value (Connection: mysql, Host: mysql, Port: 3306, Database: ogamex-test, SQL: insert into `users` (`username`, `email`, `password`, `updated_at`, `created_at`) values (ai-universe-6abc1a9076476, ai-universe-6abc1a9076478@example.com, $2y$04$KzIt.6jOAmjSmT7SAH0NReJTkg2KOvBqc26tD65jyDoOQVrgXzI26, 2024-01-01 00:00:00, 2024-01-01 00:00:00))

  at vendor/laravel/framework/src/Illuminate/Database/MySqlConnection.php:53
     49▕             $this->bindValues($statement, $this->prepareBindings($bindings));
     50▕ 
     51▕             $this->recordsHaveBeenModified();
     52▕ 
  ➜  53▕             $result = $statement->execute();
     54▕ 
     55▕             $this->lastInsertId = $this->getPdo()->lastInsertId($sequence);
     56▕ 
     57▕             return $result;

      +16 vendor frames 
  17  Modules/AI/tests/Feature/UniverseParametersIgnoredTest.php:77
  18  Modules/AI/tests/Feature/UniverseParametersIgnoredTest.php:64


  Tests:    3 failed (0 assertions)
  Duration: 0.97s