DefenseCompositionPlannerTest: [90mTests:[39m    [31;1m6 failed[39;22m[90m,[39m[39m [39m[32;1m8 passed[39;22m[90m (33 assertions)[39m

AI\Domain\Decision\DefenseComposition.

  at Modules/AI/tests/Unit/DefenseCompositionPlannerTest.php:132
    128▕     $this->planetAddUnit('light_laser', 201);
    129▕ 
    130▕     $composition = app(DefenseCompositionPlanner::class)->plan($this->planetService->getPlayer(), $this->planetService);
    131▕ 
  ➜ 132▕     expect($composition)->toBeInstanceOf(DefenseComposition::class)
    133▕         ->and($composition->doctrine)->toBe('big_gun_heavy')
    134▕         ->and($composition->unit->machine_name)->toBe('heavy_laser');
    135▕ });
    136▕

  1   Modules/AI/tests/Unit/DefenseCompositionPlannerTest.php:132

  ────────────────────────────────────────────────────────────────────────────  
   FAILED  Modules\AI\tests\Unit\DefenseCompositionPlannerTest > a need beyo…   
  Failed asserting that null is an instance of class Modules\AI\Domain\Decision\DefenseComposition.

  at Modules/AI/tests/Unit/DefenseCompositionPlannerTest.php:153
    149▕         'reason' => 'defense:need:inbound',
    150▕     ]);
    151▕     $grown = app(DefenseCompositionPlanner::class)->plan($this->planetService->getPlayer(), $this->planetService, $need);
    152▕ 
  ➜ 153▕     expect($floor)->toBeInstanceOf(DefenseComposition::class)
    154▕         ->and($floor->amount)->toBe(20)
    155▕         ->and($grown)->toBeInstanceOf(DefenseComposition::class)
    156▕         ->and($grown->unit->machine_name)->toBe($floor->unit->machine_name)
    157▕         ->and($grown->amount)->toBeGreaterThan($floor->amount);

  1   Modules/AI/tests/Unit/DefenseCompositionPlannerTest.php:153

  ────────────────────────────────────────────────────────────────────────────  
   FAILED  Modules\AI\tests\Unit\DefenseCompositionPlannerTest > a wall insi…   
  Failed asserting that null is an instance of class Modules\AI\Domain\Decision\DefenseComposition.

  at Modules/AI/tests/Unit/DefenseCompositionPlannerTest.php:168
    164▕     $this->planetAddUnit('light_laser', 200);
    165▕ 
    166▕     $composition = app(DefenseCompositionPlanner::class)->plan($this->planetService->getPlayer(), $this->planetService);
    167▕ 
  ➜ 168▕     expect($composition)->toBeInstanceOf(DefenseComposition::class)
    169▕         ->and($composition->doctrine)->toBe('early_game')
    170▕         ->and($composition->unit->machine_name)->toBe('rocket_launcher');
    171▕ });
    172▕

  1   Modules/AI/tests/Unit/DefenseCompositionPlannerTest.php:168


  Tests:    6 failed, 8 passed (33 assertions)
  Duration: 1.88s