MinerUnderVisibleRaidTest: [90mTests:[39m    [31;1m2 failed[39;22m[90m (0 assertions)[39m

FAIL  Modules\AI\tests\Feature\MinerUnderVisibleRaidTest
  ⨯ it banks the fleet instead of the pending economy upgrade while a h… 0.42s  
  ⨯ it funds the pending economy upgrade again once the raider is no lo… 0.06s  
  ────────────────────────────────────────────────────────────────────────────  
   FAILED  Modules\AI\tests\Feature\MinerUnderVi…  BindingResolutionException   
  Target class [Modules\AI\Actions\RunAiDecisionAction] does not exist.

  at vendor/laravel/framework/src/Illuminate/Container/Container.php:1147
    1143▕             }
    1144▕         }
    1145▕ 
    1146▕         try {
  ➜ 1147▕             $reflector = new ReflectionClass($concrete);
    1148▕         } catch (ReflectionException $e) {
    1149▕             throw new BindingResolutionException("Target class [$concrete] does not exist.", 0, $e);
    1150▕         }
    1151▕

      +6 vendor frames 
  7   Modules/AI/tests/Feature/MinerUnderVisibleRaidTest.php:59

  ────────────────────────────────────────────────────────────────────────────  
   FAILED  Modules\AI\tests\Feature\MinerUnderVi…  BindingResolutionException   
  Target class [Modules\AI\Actions\RunAiDecisionAction] does not exist.

  at vendor/laravel/framework/src/Illuminate/Container/Container.php:1147
    1143▕             }
    1144▕         }
    1145▕ 
    1146▕         try {
  ➜ 1147▕             $reflector = new ReflectionClass($concrete);
    1148▕         } catch (ReflectionException $e) {
    1149▕             throw new BindingResolutionException("Target class [$concrete] does not exist.", 0, $e);
    1150▕         }
    1151▕

      +6 vendor frames 
  7   Modules/AI/tests/Feature/MinerUnderVisibleRaidTest.php:66


  Tests:    2 failed (0 assertions)
  Duration: 0.91s