DefenceValuationTest: [90mTests:[39m    [31;1m4 failed[39;22m[90m (1 assertions)[39m

aviour = require dirname(__DIR__, 2) . '/resources/behavior/defence_valuation.php';
     61▕         }
     62▕ 
     63▕         return self::$behaviour;
     64▕     }

  1   Modules/AI/app/Support/DefenceValuation.php:60
  2   Modules/AI/app/Support/DefenceValuation.php:32

  ────────────────────────────────────────────────────────────────────────────  
   FAILED  Modules\AI\tests\Feature\DefenceValuationTest > i…  ErrorException   
  require(/var/www/Modules/AI/resources/behavior/defence_valuation.php): Failed to open stream: No such file or directory

  at Modules/AI/app/Support/DefenceValuation.php:60
     56▕      */
     57▕     private static function behaviour(): array
     58▕     {
     59▕         if (self::$behaviour === null) {
  ➜  60▕             self::$behaviour = require dirname(__DIR__, 2) . '/resources/behavior/defence_valuation.php';
     61▕         }
     62▕ 
     63▕         return self::$behaviour;
     64▕     }

  1   Modules/AI/app/Support/DefenceValuation.php:60
  2   Modules/AI/app/Support/DefenceValuation.php:32

  ────────────────────────────────────────────────────────────────────────────  
   FAILED  Modules\AI\tests\Feature\DefenceValuationTest > i…  ErrorException   
  require(/var/www/Modules/AI/resources/behavior/defence_valuation.php): Failed to open stream: No such file or directory

  at Modules/AI/app/Support/DefenceValuation.php:60
     56▕      */
     57▕     private static function behaviour(): array
     58▕     {
     59▕         if (self::$behaviour === null) {
  ➜  60▕             self::$behaviour = require dirname(__DIR__, 2) . '/resources/behavior/defence_valuation.php';
     61▕         }
     62▕ 
     63▕         return self::$behaviour;
     64▕     }

  1   Modules/AI/app/Support/DefenceValuation.php:60
  2   Modules/AI/app/Support/DefenceValuation.php:32

  ────────────────────────────────────────────────────────────────────────────  
   FAILED  Modules\AI\tests\Feature\DefenceValuationTest > it refuses to val…   
  Failed asserting that an instance of class ErrorException is an instance of class InvalidArgumentException.

  at Modules/AI/tests/Feature/DefenceValuationTest.php:94
     90▕         deuterium: 0,
     91▕         integrity: 50000,
     92▕         shield: 500,
     93▕         weapon: 5000,
  ➜  94▕     ))->toThrow(InvalidArgumentException::class);
     95▕ });
     96▕

  1   Modules/AI/tests/Feature/DefenceValuationTest.php:94


  Tests:    4 failed (1 assertions)
  Duration: 1.08s

These files from your answer were refused and NOT written:
- resources/behavior/defence_valuation.php (data must be YAML or JSON so a modder can edit it without code)