PlanetNameNotConsumedTest: [90mTests:[39m    [31;1m1 failed[39;22m[90m,[39m[39m [39m[32;1m2 passed[39;22m[90m (4 assertions)[39m

FAIL  Modules\AI\tests\Feature\PlanetNameNotConsumedTest
  ⨯ it reads no planet name anywhere in the module runtime               0.02s  
  ✓ it scans the module runtime rather than an empty directory
  ✓ it detects a planet-name read when one is present
  ────────────────────────────────────────────────────────────────────────────  
   FAILED  Modules\AI\tests\Feature\PlanetNameNotConsumedTest > it reads no…    
  Failed asserting that two arrays are identical.
  -Array &0 []
  +Array &0 [
  +    0 => '/var/www/Modules/AI/app/Actions/SeedAiTestUniverseAction.php reads a planet name (getPlanetName())',
  +]
  

  at Modules/AI/tests/Feature/PlanetNameNotConsumedTest.php:64
     60▕             }
     61▕         }
     62▕     }
     63▕ 
  ➜  64▕     expect($offenders)->toBe([]);
     65▕ });
     66▕ 
     67▕ it('scans the module runtime rather than an empty directory', function () use ($moduleRuntimePath, $phpFilesIn) {
     68▕     $runtimePath = $moduleRuntimePath();

  1   Modules/AI/tests/Feature/PlanetNameNotConsumedTest.php:64


  Tests:    1 failed, 2 passed (4 assertions)
  Duration: 0.44s

These files from your answer were refused and NOT written:
- plan/specs/WIK-198-planet-naming.md (named after a source page — name it for what it does)