IncomeTaxonomyTest: [90mTests:[39m    [31;1m2 failed[39;22m[90m,[39m[39m [39m[32;1m3 passed[39;22m[90m (7 assertions)[39m

FAIL  Modules\AI\tests\Feature\IncomeTaxonomyTest
  ✓ it tags income with exactly the categories the source names          0.01s  
  ⨯ it pins each category to the source line it came from                0.01s  
  ✓ it keeps an amount off the category itself
  ⨯ it reads the categories from the behaviour file rather than from code
  ✓ it refuses a category the source does not name
  ────────────────────────────────────────────────────────────────────────────  
   FAILED  Modules\AI\tests\Feature\IncomeTaxonomyTest > it pins each…  Error   
  Failed opening required '/var/www/Modules/AI/resources/behavior/income_sources.php' (include_path='.:/usr/local/lib/php')

  at Modules/AI/app/Enums/IncomeSource.php:28
     24▕      * @return array<string, int>
     25▕      */
     26▕     public static function taxonomy(): array
     27▕     {
  ➜  28▕         $behavior = require dirname(__DIR__, 2) . '/resources/behavior/income_sources.php';
     29▕ 
     30▕         return $behavior['sources'];
     31▕     }
     32▕ }

  1   Modules/AI/app/Enums/IncomeSource.php:28
  2   Modules/AI/app/Enums/IncomeSource.php:20

  ────────────────────────────────────────────────────────────────────────────  
   FAILED  Modules\AI\tests\Feature\IncomeTaxonomyTest > it reads the…  Error   
  Failed opening required '/var/www/Modules/AI/resources/behavior/income_sources.php' (include_path='.:/usr/local/lib/php')

  at Modules/AI/tests/Feature/IncomeTaxonomyTest.php:22
     18▕     }
     19▕ });
     20▕ 
     21▕ it('reads the categories from the behaviour file rather than from code', function () {
  ➜  22▕     $behavior = require dirname(__DIR__, 2) . '/resources/behavior/income_sources.php';
     23▕ 
     24▕     expect($behavior['sources'])->toBe(['mining' => 12, 'attacking' => 16]);
     25▕ });
     26▕

  1   Modules/AI/tests/Feature/IncomeTaxonomyTest.php:22


  Tests:    2 failed, 3 passed (7 assertions)
  Duration: 0.44s

These files from your answer were refused and NOT written:
- resources/behavior/income_sources.php (data must be YAML or JSON so a modder can edit it without code)