WaveAttackLimitTest: [90mTests:[39m    [31;1m3 failed[39;22m[90m,[39m[39m [39m[32;1m1 passed[39;22m[90m (2 assertions)[39m

───────────────────────────────────  
   FAILED  Modules\AI\tests\Feature\WaveAttackLimitTest > it…  QueryException   
  SQLSTATE[42S22]: Column not found: 1054 Unknown column 'type' in 'field list' (Connection: mysql, Host: mysql, Port: 3306, Database: ogamex-test, SQL: insert into `fleet_missions` (`user_id`, `planet_id_from`, `planet_id_to`, `galaxy_from`, `system_from`, `position_from`, `galaxy_to`, `system_to`, `position_to`, `type`, `time_departure`, `time_arrival`, `updated_at`, `created_at`) values (41, 4203, 4201, 1, 1, 1, 3, 3, 3, 1, 1777895940, 1777895940, 2024-01-01 00:00:00, 2024-01-01 00:00:00))

  at vendor/laravel/framework/src/Illuminate/Database/MySqlConnection.php:53
     49▕             $this->bindValues($statement, $this->prepareBindings($bindings));
     50▕ 
     51▕             $this->recordsHaveBeenModified();
     52▕ 
  ➜  53▕             $result = $statement->execute();
     54▕ 
     55▕             $this->lastInsertId = $this->getPdo()->lastInsertId($sequence);
     56▕ 
     57▕             return $result;

      +10 vendor frames 
  11  Modules/AI/tests/Feature/WaveAttackLimitTest.php:70
  12  Modules/AI/tests/Feature/WaveAttackLimitTest.php:95

  ────────────────────────────────────────────────────────────────────────────  
   FAILED  Modules\AI\tests\Feature\WaveAttackLimitTest > it…  QueryException   
  SQLSTATE[42S22]: Column not found: 1054 Unknown column 'type' in 'field list' (Connection: mysql, Host: mysql, Port: 3306, Database: ogamex-test, SQL: insert into `fleet_missions` (`user_id`, `planet_id_from`, `planet_id_to`, `galaxy_from`, `system_from`, `position_from`, `galaxy_to`, `system_to`, `position_to`, `type`, `time_departure`, `time_arrival`, `updated_at`, `created_at`) values (41, 4203, 4201, 1, 1, 1, 3, 3, 3, 1, 1777895940, 1777895940, 2024-01-01 00:00:00, 2024-01-01 00:00:00))

  at vendor/laravel/framework/src/Illuminate/Database/MySqlConnection.php:53
     49▕             $this->bindValues($statement, $this->prepareBindings($bindings));
     50▕ 
     51▕             $this->recordsHaveBeenModified();
     52▕ 
  ➜  53▕             $result = $statement->execute();
     54▕ 
     55▕             $this->lastInsertId = $this->getPdo()->lastInsertId($sequence);
     56▕ 
     57▕             return $result;

      +10 vendor frames 
  11  Modules/AI/tests/Feature/WaveAttackLimitTest.php:70
  12  Modules/AI/tests/Feature/WaveAttackLimitTest.php:104


  Tests:    3 failed, 1 passed (2 assertions)
  Duration: 1.21s