ShieldDomeRapidFireBlockTest: [90mTests:[39m    [31;1m4 failed[39;22m[90m (0 assertions)[39m

et class [$concrete] does not exist.", 0, $e);
    1150▕         }
    1151▕

      +6 vendor frames 
  7   Modules/AI/tests/Feature/Defence/ShieldDomeRapidFireBlockTest.php:43

  ────────────────────────────────────────────────────────────────────────────  
   FAILED  Modules\AI\tests\Feature\Defence\Shie…  BindingResolutionException   
  Target class [Modules\AI\Actions\DefenseCompositionPlanner] does not exist.

  at vendor/laravel/framework/src/Illuminate/Container/Container.php:1147
    1143▕             }
    1144▕         }
    1145▕ 
    1146▕         try {
  ➜ 1147▕             $reflector = new ReflectionClass($concrete);
    1148▕         } catch (ReflectionException $e) {
    1149▕             throw new BindingResolutionException("Target class [$concrete] does not exist.", 0, $e);
    1150▕         }
    1151▕

      +6 vendor frames 
  7   Modules/AI/tests/Feature/Defence/ShieldDomeRapidFireBlockTest.php:49

  ────────────────────────────────────────────────────────────────────────────  
   FAILED  Modules\AI\tests\Feature\Defence\Shie…  BindingResolutionException   
  Target class [Modules\AI\Actions\DefenseCompositionPlanner] does not exist.

  at vendor/laravel/framework/src/Illuminate/Container/Container.php:1147
    1143▕             }
    1144▕         }
    1145▕ 
    1146▕         try {
  ➜ 1147▕             $reflector = new ReflectionClass($concrete);
    1148▕         } catch (ReflectionException $e) {
    1149▕             throw new BindingResolutionException("Target class [$concrete] does not exist.", 0, $e);
    1150▕         }
    1151▕

      +6 vendor frames 
  7   Modules/AI/tests/Feature/Defence/ShieldDomeRapidFireBlockTest.php:56

  ────────────────────────────────────────────────────────────────────────────  
   FAILED  Modules\AI\tests\Feature\Defence\Shie…  BindingResolutionException   
  Target class [Modules\AI\Actions\DefenseCompositionPlanner] does not exist.

  at vendor/laravel/framework/src/Illuminate/Container/Container.php:1147
    1143▕             }
    1144▕         }
    1145▕ 
    1146▕         try {
  ➜ 1147▕             $reflector = new ReflectionClass($concrete);
    1148▕         } catch (ReflectionException $e) {
    1149▕             throw new BindingResolutionException("Target class [$concrete] does not exist.", 0, $e);
    1150▕         }
    1151▕

      +6 vendor frames 
  7   Modules/AI/tests/Feature/Defence/ShieldDomeRapidFireBlockTest.php:64


  Tests:    4 failed (0 assertions)
  Duration: 1.20s

These files from your answer were refused and NOT written:
- app/Actions/DefenseCompositionPlanner.php (app/Domain/Decision/DefenseCompositionPlanner.php already declares class DefenseCompositionPlanner — edit it instead of writing a second one)