EvaluateRaidPillageCapTest: [90mTests:[39m    [31;1m8 failed[39;22m[90m,[39m[39m [39m[32;1m1 passed[39;22m[90m (1 assertions)[39m

   {
  ➜  43▕         return require dirname(__DIR__, 2) . '/resources/behavior/raid.php';
     44▕     }
     45▕ }
     46▕

  1   Modules/AI/app/Actions/EvaluateRaidPillageCapAction.php:43
  2   Modules/AI/app/Actions/EvaluateRaidPillageCapAction.php:35

  ────────────────────────────────────────────────────────────────────────────  
   FAILED  Modules\AI\tests\Feature\EvaluateRaidPillageCapTest > it s…  Error   
  Failed opening required '/var/www/Modules/AI/resources/behavior/raid.php' (include_path='.:/usr/local/lib/php')

  at Modules/AI/app/Actions/EvaluateRaidPillageCapAction.php:43
     39▕      * @return array{pillage_share: float}
     40▕      */
     41▕     private function behavior(): array
     42▕     {
  ➜  43▕         return require dirname(__DIR__, 2) . '/resources/behavior/raid.php';
     44▕     }
     45▕ }
     46▕

  1   Modules/AI/app/Actions/EvaluateRaidPillageCapAction.php:43
  2   Modules/AI/app/Actions/EvaluateRaidPillageCapAction.php:35

  ────────────────────────────────────────────────────────────────────────────  
   FAILED  Modules\AI\tests\Feature\EvaluateRaidPillageCapTest > it p…  Error   
  Failed opening required '/var/www/Modules/AI/resources/behavior/raid.php' (include_path='.:/usr/local/lib/php')

  at Modules/AI/app/Actions/EvaluateRaidPillageCapAction.php:43
     39▕      * @return array{pillage_share: float}
     40▕      */
     41▕     private function behavior(): array
     42▕     {
  ➜  43▕         return require dirname(__DIR__, 2) . '/resources/behavior/raid.php';
     44▕     }
     45▕ }
     46▕

  1   Modules/AI/app/Actions/EvaluateRaidPillageCapAction.php:43
  2   Modules/AI/app/Actions/EvaluateRaidPillageCapAction.php:35

  ────────────────────────────────────────────────────────────────────────────  
   FAILED  Modules\AI\tests\Feature\EvaluateRaidPillageCapTest > it p…  Error   
  Failed opening required '/var/www/Modules/AI/resources/behavior/raid.php' (include_path='.:/usr/local/lib/php')

  at Modules/AI/app/Actions/EvaluateRaidPillageCapAction.php:43
     39▕      * @return array{pillage_share: float}
     40▕      */
     41▕     private function behavior(): array
     42▕     {
  ➜  43▕         return require dirname(__DIR__, 2) . '/resources/behavior/raid.php';
     44▕     }
     45▕ }
     46▕

  1   Modules/AI/app/Actions/EvaluateRaidPillageCapAction.php:43
  2   Modules/AI/app/Actions/EvaluateRaidPillageCapAction.php:35


  Tests:    8 failed, 1 passed (1 assertions)
  Duration: 0.54s

These files from your answer were refused and NOT written:
- resources/behavior/raid.php (data must be YAML or JSON so a modder can edit it without code)